 mysqlmanager

 Timestamp is 463ae81c (Fri May 04 09:00:28 2007)

 Preferred load address is 00400000

 Start         Length     Name                   Class
 0001:00000000 00098a6fH .text                   CODE
 0001:00098a70 00001078H .text$yc                CODE
 0002:00000000 00017efeH .rdata                  DATA
 0002:00017f00 000001b2H .rdata$debug            DATA
 0002:000180b4 00001f55H .rdata$r                DATA
 0002:0001a010 00000109H .rdata$sxdata           DATA
 0002:0001a11c 00000104H .rtc$IAA                DATA
 0002:0001a220 00000104H .rtc$IZZ                DATA
 0002:0001a324 00000104H .rtc$TAA                DATA
 0002:0001a428 00000104H .rtc$TZZ                DATA
 0002:0001a52c 00000000H .edata                  DATA
 0003:00000000 00000104H .CRT$XCA                DATA
 0003:00000104 00000104H .CRT$XCAA               DATA
 0003:00000208 00000109H .CRT$XCU                DATA
 0003:00000314 00000104H .CRT$XCZ                DATA
 0003:00000418 00000104H .CRT$XIA                DATA
 0003:0000051c 00000113H .CRT$XIC                DATA
 0003:00000630 00000104H .CRT$XIZ                DATA
 0003:00000734 00000104H .CRT$XPA                DATA
 0003:00000838 00000109H .CRT$XPX                DATA
 0003:00000944 00000104H .CRT$XPZ                DATA
 0003:00000a48 00000104H .CRT$XTA                DATA
 0003:00000b4c 00000104H .CRT$XTZ                DATA
 0003:00000c50 0012e333H .data                   DATA
 0003:0012efa0 000041e4H .bss                    DATA
 0004:00000000 00000050H .idata$2                DATA
 0004:00000050 00000014H .idata$3                DATA
 0004:00000064 000003ccH .idata$4                DATA
 0004:00000430 000003ccH .idata$5                DATA
 0004:000007fc 00000c97H .idata$6                DATA

  Address         Publics by Value              Rva+Base     Lib:Object

 0000:00000000       __except_list              00000000     <absolute>
 0000:00000002       ___safe_se_handler_count   00000002     <absolute>
 0001:00000ae0       ?reserve@Buffer@@QAEHII@Z  00401ae0 f   buffer.obj
 0001:00000bb0       ?get_size@Buffer@@QAEHXZ   00401bb0 f   buffer.obj
 0001:00000bc0       ?is_error@Buffer@@QAEHXZ   00401bc0 f   buffer.obj
 0001:00000bd0       ?append@Buffer@@QAEHIPBDI@Z 00401bd0 f   buffer.obj
 0001:00000c20       ??0Command@@QAE@PAVInstance_map@@@Z 00401c20 f   command.obj
 0001:00000c40       ??1Command@@UAE@XZ         00401c40 f   command.obj
 0001:00000c50       ??_GCommand@@UAEPAXI@Z     00401c50 f i command.obj
 0001:00000c50       ??_ECommand@@UAEPAXI@Z     00401c50 f i command.obj
 0001:00000c80       ??0Buffer@@QAE@I@Z         00401c80 f i commands.obj
 0001:00000cc0       ??1Buffer@@QAE@XZ          00401cc0 f i commands.obj
 0001:00000cd0       ??0Iterator@Instance_map@@QAE@PAV1@@Z 00401cd0 f i commands.obj
 0001:00000cf0       ?execute@Show_instances@@UAEHPAUst_net@@K@Z 00401cf0 f   commands.obj
 0001:00000ec0       ?execute@Flush_instances@@UAEHPAUst_net@@K@Z 00401ec0 f   commands.obj
 0001:00000f00       ??0Show_instance_status@@QAE@PAVInstance_map@@PBDI@Z 00401f00 f   commands.obj
 0001:00000f60       ?execute@Show_instance_status@@UAEHPAUst_net@@K@Z 00401f60 f   commands.obj
 0001:000011b0       ??0Show_instance_options@@QAE@PAVInstance_map@@PBDI@Z 004021b0 f   commands.obj
 0001:00001210       ?execute@Show_instance_options@@UAEHPAUst_net@@K@Z 00402210 f   commands.obj
 0001:000015c0       ??0Start_instance@@QAE@PAVInstance_map@@PBDI@Z 004025c0 f   commands.obj
 0001:00001610       ?execute@Start_instance@@UAEHPAUst_net@@K@Z 00402610 f   commands.obj
 0001:00001680       ??0Show_instance_log@@QAE@PAVInstance_map@@PBDIW4Log_type@@11@Z 00402680 f   commands.obj
 0001:00001720       ?execute@Show_instance_log@@UAEHPAUst_net@@K@Z 00402720 f   commands.obj
 0001:00001a40       ??0Show_instance_log_files@@QAE@PAVInstance_map@@PBDI@Z 00402a40 f   commands.obj
 0001:00001aa0       ?execute@Show_instance_log_files@@UAEHPAUst_net@@K@Z 00402aa0 f   commands.obj
 0001:00001dd0       ??0Set_option@@QAE@PAVInstance_map@@PBDI1I1I@Z 00402dd0 f   commands.obj
 0001:00001ea0       ??_ESet_option@@UAEPAXI@Z  00402ea0 f i commands.obj
 0001:00001ea0       ??_GSet_option@@UAEPAXI@Z  00402ea0 f i commands.obj
 0001:00001ed0       ?correct_file@Set_option@@IAEHH@Z 00402ed0 f   commands.obj
 0001:00001f10       ?do_command@Set_option@@UAEHPAUst_net@@@Z 00402f10 f   commands.obj
 0001:00001f70       ?execute@Set_option@@UAEHPAUst_net@@K@Z 00402f70 f   commands.obj
 0001:00001fc0       ?do_command@Unset_option@@UAEHPAUst_net@@@Z 00402fc0 f   commands.obj
 0001:00002000       ??0Stop_instance@@QAE@PAVInstance_map@@PBDI@Z 00403000 f   commands.obj
 0001:00002050       ?execute@Stop_instance@@UAEHPAUst_net@@K@Z 00403050 f   commands.obj
 0001:000020c0       ?execute@Syntax_error@@UAEHPAUst_net@@K@Z 004030c0 f   commands.obj
 0001:000020d0       ??_GShow_instance_status@@UAEPAXI@Z 004030d0 f i commands.obj
 0001:000020d0       ??_EShow_instance_status@@UAEPAXI@Z 004030d0 f i commands.obj
 0001:00002100       ??_GShow_instance_options@@UAEPAXI@Z 00403100 f i commands.obj
 0001:00002100       ??_EShow_instance_options@@UAEPAXI@Z 00403100 f i commands.obj
 0001:00002130       ??_GStart_instance@@UAEPAXI@Z 00403130 f i commands.obj
 0001:00002130       ??_EStart_instance@@UAEPAXI@Z 00403130 f i commands.obj
 0001:00002160       ??_GShow_instance_log@@UAEPAXI@Z 00403160 f i commands.obj
 0001:00002160       ??_EShow_instance_log@@UAEPAXI@Z 00403160 f i commands.obj
 0001:00002190       ??_EShow_instance_log_files@@UAEPAXI@Z 00403190 f i commands.obj
 0001:00002190       ??_GShow_instance_log_files@@UAEPAXI@Z 00403190 f i commands.obj
 0001:000021c0       ??_EStop_instance@@UAEPAXI@Z 004031c0 f i commands.obj
 0001:000021c0       ??_GStop_instance@@UAEPAXI@Z 004031c0 f i commands.obj
 0001:000021f0       ??0Guardian_thread_args@@QAE@AAVThread_registry@@PAVInstance_map@@I@Z 004031f0 f i guardian.obj
 0001:00002210       ??0Guardian_thread@@QAE@AAVThread_registry@@PAVInstance_map@@I@Z 00403210 f   guardian.obj
 0001:000022a0       ??1Guardian_thread@@QAE@XZ 004032a0 f   guardian.obj
 0001:000022f0       ?process_instance@Guardian_thread@@AAEXPAVInstance@@PAUGUARD_NODE@1@PAPAUst_list@@PAU4@@Z 004032f0 f   guardian.obj
 0001:00002560       ?run@Guardian_thread@@QAEXXZ 00403560 f   guardian.obj
 0001:000026a0       ?is_stopped@Guardian_thread@@QAEHXZ 004036a0 f   guardian.obj
 0001:000026d0       ?guard@Guardian_thread@@QAEHPAVInstance@@H@Z 004036d0 f   guardian.obj
 0001:00002790       ?stop_guard@Guardian_thread@@QAEHPAVInstance@@@Z 00403790 f   guardian.obj
 0001:00002800       ?stop_instances@Guardian_thread@@AAEHXZ 00403800 f   guardian.obj
 0001:00002880       ?lock@Guardian_thread@@QAEXXZ 00403880 f   guardian.obj
 0001:00002890       ?unlock@Guardian_thread@@QAEXXZ 00403890 f   guardian.obj
 0001:000028a0       _guardian                  004038a0 f   guardian.obj
 0001:000028b0       ?request_shutdown@Guardian_thread@@QAEXXZ 004038b0 f   guardian.obj
 0001:000028f0       ?init@Guardian_thread@@QAEHXZ 004038f0 f   guardian.obj
 0001:000029f0       ??0Instance_options@@QAE@XZ 004039f0 f i instance.obj
 0001:00002c50       ?get_map@Instance@@QAEPAVInstance_map@@XZ 00403c50 f   instance.obj
 0001:00002c60       ?remove_pid@Instance@@AAEXXZ 00403c60 f   instance.obj
 0001:00002ca0       ?set_crash_flag_n_wake_all@Instance@@QAEXXZ 00403ca0 f   instance.obj
 0001:00002d00       ??0Instance@@QAE@XZ        00403d00 f   instance.obj
 0001:00002da0       ??1Instance@@QAE@XZ        00403da0 f   instance.obj
 0001:00002dd0       ?is_crashed@Instance@@QAEHXZ 00403dd0 f   instance.obj
 0001:00002e00       ?is_running@Instance@@QAEHXZ 00403e00 f   instance.obj
 0001:00002f40       ?SafeTerminateProcess@@YAHPAXI@Z 00403f40 f   instance.obj
 0001:00003080       ?kill@@YAHHH@Z             00404080 f   instance.obj
 0001:000030c0       ?kill_instance@Instance@@QAEXH@Z 004040c0 f   instance.obj
 0001:00003140       ?init@Instance@@QAEHPBD@Z  00404140 f   instance.obj
 0001:00003150       ?complete_initialization@Instance@@QAEHPAVInstance_map@@PBDI@Z 00404150 f   instance.obj
 0001:00003290       ?stop@Instance@@QAEHXZ     00404290 f   instance.obj
 0001:000033f0       _proxy                     004043f0 f   instance.obj
 0001:00003410       ?start@Instance@@QAEHXZ    00404410 f   instance.obj
 0001:00003530       ??_GInstance@@QAEPAXI@Z    00404530 f i instance_map.obj
 0001:00003560       ?process_one_option@Instance_map@@QAEHPBD0@Z 00404560 f   instance_map.obj
 0001:00003670       ??0Instance_map@@QAE@PBD@Z 00404670 f   instance_map.obj
 0001:00003690       ??1Instance_map@@QAE@XZ    00404690 f   instance_map.obj
 0001:000036d0       ?lock@Instance_map@@QAEXXZ 004046d0 f   instance_map.obj
 0001:000036e0       ?unlock@Instance_map@@QAEXXZ 004046e0 f   instance_map.obj
 0001:000036f0       ?find@Instance_map@@QAEPAVInstance@@PBDI@Z 004046f0 f   instance_map.obj
 0001:00003740       ?complete_initialization@Instance_map@@AAEHXZ 00404740 f   instance_map.obj
 0001:00003820       ?go_to_first@Iterator@Instance_map@@QAEXXZ 00404820 f   instance_map.obj
 0001:00003830       ?next@Iterator@Instance_map@@QAEPAVInstance@@XZ 00404830 f   instance_map.obj
 0001:000038b0       ?init@Instance_map@@QAEHXZ 004048b0 f   instance_map.obj
 0001:000038f0       ?load@Instance_map@@AAEHXZ 004048f0 f   instance_map.obj
 0001:00003a00       ?flush_instances@Instance_map@@QAEHXZ 00404a00 f   instance_map.obj
 0001:00003b10       ?get_default_option@Instance_options@@AAEHPADIPBD@Z 00404b10 f   instance_options.obj
 0001:00003c00       ?fill_instance_version@Instance_options@@AAEHXZ 00404c00 f   instance_options.obj
 0001:00003d70       ?fill_mysqld_real_path@Instance_options@@AAEHXZ 00404d70 f   instance_options.obj
 0001:00003f10       ?fill_log_options@Instance_options@@AAEHXZ 00404f10 f   instance_options.obj
 0001:000042b0       ?get_pid_filename@Instance_options@@QAEHPAD@Z 004052b0 f   instance_options.obj
 0001:00004390       ?unlink_pidfile@Instance_options@@QAEHXZ 00405390 f   instance_options.obj
 0001:000043a0       ?get_pid@Instance_options@@QAEHXZ 004053a0 f   instance_options.obj
 0001:00004410       ?add_option@Instance_options@@QAEHPBD@Z 00405410 f   instance_options.obj
 0001:00004690       ?add_to_argv@Instance_options@@AAEHPBD@Z 00405690 f   instance_options.obj
 0001:000046c0       ?print_argv@Instance_options@@QAEXXZ 004056c0 f   instance_options.obj
 0001:00004730       ?init@Instance_options@@QAEHPBD@Z 00405730 f   instance_options.obj
 0001:000047d0       ??1Instance_options@@QAE@XZ 004057d0 f   instance_options.obj
 0001:00004800       ?complete_initialization@Instance_options@@QAEHPBDI@Z 00405800 f   instance_options.obj
 0001:00004b50       ??0Listener_thread_args@@QAE@AAVThread_registry@@ABUOptions@@ABVUser_map@@AAVInstance_map@@@Z 00405b50 f i listener.obj
 0001:00004b80       ?is_shutdown@Thread_registry@@QAEHXZ 00405b80 f i listener.obj
 0001:00004be0       ??0Listener_thread@@QAE@ABUListener_thread_args@@@Z 00405be0 f   listener.obj
 0001:00004c30       ??1Listener_thread@@QAE@XZ 00405c30 f   listener.obj
 0001:00004c40       ?create_tcp_socket@Listener_thread@@AAEHXZ 00405c40 f   listener.obj
 0001:00004e10       ?handle_new_mysql_connection@Listener_thread@@AAEXPAUst_vio@@@Z 00405e10 f   listener.obj
 0001:00004ee0       ?run@Listener_thread@@QAEXXZ 00405ee0 f   listener.obj
 0001:00005170       _listener                  00406170 f   listener.obj
 0001:00005390       ?log_error@@YAXPBDZZ       00406390 f   log.obj
 0001:000053b0       ?log_info@@YAXPBDZZ        004063b0 f   log.obj
 0001:000053d0       ?print_info@@YAXPBDZZ      004063d0 f   log.obj
 0001:000053f0       ?print_error@@YAXPBDZZ     004063f0 f   log.obj
 0001:00005410       ?log_init@@YAXXZ           00406410 f   log.obj
 0001:00005430       ?die@@YAXPBDZZ             00406430 f   log.obj
 0001:00005490       ??0User_map@@QAE@XZ        00406490 f i manager.obj
 0001:000054a0       ?create_pid_file@@YAHPBDH@Z 004064a0 f   manager.obj
 0001:00005530       ?onsignal@@YAXH@Z          00406530 f   manager.obj
 0001:00005540       ?set_signals@@YAXPAH@Z     00406540 f   manager.obj
 0001:00005570       ?my_sigwait@@YAHPBHPAH@Z   00406570 f   manager.obj
 0001:000055a0       ?stop_all@@YAXPAVGuardian_thread@@PAVThread_registry@@@Z 004065a0 f   manager.obj
 0001:000055e0       ?manager@@YAHABUOptions@@@Z 004065e0 f   manager.obj
 0001:00005a80       ?message@@YAPBDI@Z         00406a80 f   messages.obj
 0001:00005a90       ?errno_to_sqlstate@@YAPBDI@Z 00406a90 f   messages.obj
 0001:00005aa0       ??0Mysql_connection_thread_args@@QAE@PAUst_vio@@AAVThread_registry@@ABVUser_map@@KAAVInstance_map@@@Z 00406aa0 f   mysql_connection.obj
 0001:00005ad0       ??0Mysql_connection_thread@@QAE@ABUMysql_connection_thread_args@@@Z 00406ad0 f   mysql_connection.obj
 0001:00005b30       _my_net_local_init         00406b30 f   mysql_connection.obj
 0001:00005b70       ?init@Mysql_connection_thread@@QAEHXZ 00406b70 f   mysql_connection.obj
 0001:00005c10       ?cleanup@Mysql_connection_thread@@QAEXXZ 00406c10 f   mysql_connection.obj
 0001:00005c20       ??1Mysql_connection_thread@@QAE@XZ 00406c20 f   mysql_connection.obj
 0001:00005c40       ?check_connection@Mysql_connection_thread@@AAEHXZ 00406c40 f   mysql_connection.obj
 0001:00005ea0       ?dispatch_command@Mysql_connection_thread@@AAEHW4enum_server_command@@PBDI@Z 00406ea0 f   mysql_connection.obj
 0001:00006020       ?do_command@Mysql_connection_thread@@AAEHXZ 00407020 f   mysql_connection.obj
 0001:00006110       ?run@Mysql_connection_thread@@QAEXXZ 00407110 f   mysql_connection.obj
 0001:000061d0       _mysql_connection          004071d0 f   mysql_connection.obj
 0001:000062d0       ??0Options@@QAE@XZ         004072d0 f i mysqlmanager.obj
 0001:00006310       _main                      00407310 f   mysqlmanager.obj
 0001:000066f0       ?cleanup@Options@@QAEXXZ   004076f0 f   options.obj
 0001:00006710       ?setup_windows_defaults@Options@@QAEHXZ 00407710 f   options.obj
 0001:000067f0       ?load@Options@@QAEHHPAPAD@Z 004077f0 f   options.obj
 0001:00006910       ?get_word@@YAXPAPBDPAIH@Z  00407910 f i parse.obj
 0001:000069e0       ??0Show_instances@@QAE@PAVInstance_map@@@Z 004079e0 f i parse.obj
 0001:00006a00       ??0Flush_instances@@QAE@PAVInstance_map@@@Z 00407a00 f i parse.obj
 0001:00006a20       ??0Syntax_error@@QAE@XZ    00407a20 f i parse.obj
 0001:00006a40       ??1Set_option@@UAE@XZ      00407a40 f i parse.obj
 0001:00006a50       ?find_token@@YA?AW4Token@@PBDI@Z 00407a50 f i parse.obj
 0001:00006ab0       ?get_token@@YA?AW4Token@@PAPBDPAI@Z 00407ab0 f   parse.obj
 0001:00006af0       ?shift_token@@YA?AW4Token@@PAPBDPAI@Z 00407af0 f   parse.obj
 0001:00006b50       ?get_text_id@@YAHPAPBDPAI0@Z 00407b50 f   parse.obj
 0001:00006b90       ??_EShow_instances@@UAEPAXI@Z 00407b90 f i parse.obj
 0001:00006b90       ??_GShow_instances@@UAEPAXI@Z 00407b90 f i parse.obj
 0001:00006bc0       ??_GFlush_instances@@UAEPAXI@Z 00407bc0 f i parse.obj
 0001:00006bc0       ??_EFlush_instances@@UAEPAXI@Z 00407bc0 f i parse.obj
 0001:00006bf0       ??_ESyntax_error@@UAEPAXI@Z 00407bf0 f i parse.obj
 0001:00006bf0       ??_GSyntax_error@@UAEPAXI@Z 00407bf0 f i parse.obj
 0001:00006c20       ??0Unset_option@@QAE@PAVInstance_map@@PBDI1I1I@Z 00407c20 f i parse.obj
 0001:00006c70       ??_EUnset_option@@UAEPAXI@Z 00407c70 f i parse.obj
 0001:00006c70       ??_GUnset_option@@UAEPAXI@Z 00407c70 f i parse.obj
 0001:00006ca0       ?parse_command@@YAPAVCommand@@PAVInstance_map@@PBD@Z 00407ca0 f   parse.obj
 0001:00007490       ?trim_space@@YAXPAPBDPAI@Z 00408490 f   parse_output.obj
 0001:00007500       ?parse_output_and_get_value@@YAHPBD0PADII@Z 00408500 f   parse_output.obj
 0001:00007690       ?set_stacksize_n_create_thread@@YAHPAPAXPAUthread_attr@@P6APAXPAX@Z2@Z 00408690 f   priv.obj
 0001:000076a0       ?net_send_error@@YAHPAUst_net@@I@Z 004086a0 f   protocol.obj
 0001:00007780       ?net_send_error_323@@YAHPAUst_net@@I@Z 00408780 f   protocol.obj
 0001:00007840       ?net_store_length@@YAPADPADI@Z 00408840 f   protocol.obj
 0001:00007870       ?store_to_protocol_packet@@YAHPAVBuffer@@PBDPAII@Z 00408870 f   protocol.obj
 0001:000078f0       ?store_to_protocol_packet@@YAHPAVBuffer@@PBDPAI@Z 004088f0 f   protocol.obj
 0001:00007930       ?send_eof@@YAHPAUst_net@@@Z 00408930 f   protocol.obj
 0001:00007980       ?send_fields@@YAHPAUst_net@@PAUst_list@@@Z 00408980 f   protocol.obj
 0001:00007d60       ?net_send_ok@@YAHPAUst_net@@KPBD@Z 00408d60 f   protocol.obj
 0001:00007eb0       ??0Thread_info@@QAE@XZ     00408eb0 f   thread_registry.obj
 0001:00007ec0       ??0Thread_info@@QAE@PAX@Z  00408ec0 f   thread_registry.obj
 0001:00007ed0       ??0Thread_registry@@QAE@XZ 00408ed0 f   thread_registry.obj
 0001:00007f20       ??1Thread_registry@@QAE@XZ 00408f20 f   thread_registry.obj
 0001:00007f60       ?register_thread@Thread_registry@@QAEXPAVThread_info@@@Z 00408f60 f   thread_registry.obj
 0001:00007fb0       ?unregister_thread@Thread_registry@@QAEXPAVThread_info@@@Z 00408fb0 f   thread_registry.obj
 0001:00008010       ?cond_wait@Thread_registry@@QAEHPAVThread_info@@PAUpthread_cond_t@@PAU_RTL_CRITICAL_SECTION@@@Z 00409010 f   thread_registry.obj
 0001:00008090       ?cond_timedwait@Thread_registry@@QAEHPAVThread_info@@PAUpthread_cond_t@@PAU_RTL_CRITICAL_SECTION@@PAUtimespec@@@Z 00409090 f   thread_registry.obj
 0001:00008120       ?deliver_shutdown@Thread_registry@@QAEXXZ 00409120 f   thread_registry.obj
 0001:00008220       ?request_shutdown@Thread_registry@@QAEXXZ 00409220 f   thread_registry.obj
 0001:00008230       ?get_error_status@Thread_registry@@QAEHXZ 00409230 f   thread_registry.obj
 0001:00008260       ?set_error_status@Thread_registry@@QAEXXZ 00409260 f   thread_registry.obj
 0001:00008290       ??0User@@QAE@XZ            00409290 f i user_map.obj
 0001:000082a0       ?init@User@@QAEHPBD@Z      004092a0 f   user_map.obj
 0001:00008420       ?init@User_map@@QAEHXZ     00409420 f   user_map.obj
 0001:00008460       ??1User_map@@QAE@XZ        00409460 f   user_map.obj
 0001:00008470       ?load@User_map@@QAEHPBD@Z  00409470 f   user_map.obj
 0001:000085d0       ?authenticate@User_map@@QBEHPBDI00@Z 004095d0 f   user_map.obj
 0001:00008620       ??0IMService@@QAE@XZ       00409620 f   IMService.obj
 0001:00008660       ?Shutdown@WindowsService@@MAEXXZ 00409660 f i IMService.obj
 0001:00008670       ?Pause@WindowsService@@MAEXXZ 00409670 f i IMService.obj
 0001:00008680       ?Continue@WindowsService@@MAEXXZ 00409680 f i IMService.obj
 0001:00008690       ??1IMService@@QAE@XZ       00409690 f   IMService.obj
 0001:000086a0       ?Stop@IMService@@MAEXXZ    004096a0 f   IMService.obj
 0001:000086c0       ?Run@IMService@@MAEXKPAPAD@Z 004096c0 f   IMService.obj
 0001:00008730       ?Log@IMService@@MAEXPBD@Z  00409730 f   IMService.obj
 0001:00008750       ?HandleServiceOptions@@YAHUOptions@@@Z 00409750 f   IMService.obj
 0001:00008890       ??0WindowsService@@QAE@XZ  00409890 f   WindowsService.obj
 0001:000088d0       ?Stop@WindowsService@@MAEXXZ 004098d0 f i WindowsService.obj
 0001:000088e0       ?Log@WindowsService@@MAEXPBD@Z 004098e0 f i WindowsService.obj
 0001:000088f0       ??1WindowsService@@QAE@XZ  004098f0 f   WindowsService.obj
 0001:00008900       ?IsInstalled@WindowsService@@QAEHXZ 00409900 f   WindowsService.obj
 0001:00008950       ?SetAcceptedControls@WindowsService@@QAEXK@Z 00409950 f   WindowsService.obj
 0001:00008960       ?ReportStatus@WindowsService@@IAEHKKK@Z 00409960 f   WindowsService.obj
 0001:00008a20       ?HandleControlCode@WindowsService@@IAEXK@Z 00409a20 f   WindowsService.obj
 0001:00008ab0       ?ControlHandler@WindowsService@@SGXK@Z 00409ab0 f   WindowsService.obj
 0001:00008ac0       ?Install@WindowsService@@QAEHXZ 00409ac0 f   WindowsService.obj
 0001:00008c00       ?Remove@WindowsService@@QAEHXZ 00409c00 f   WindowsService.obj
 0001:00008cc0       ?RegisterAndRun@WindowsService@@IAEXKPAPAD@Z 00409cc0 f   WindowsService.obj
 0001:00008db0       ?ServiceMain@WindowsService@@SGXKPAPAD@Z 00409db0 f   WindowsService.obj
 0001:00008dc0       ?Init@WindowsService@@QAEHXZ 00409dc0 f   WindowsService.obj
 0001:00008e10       _my_net_init               00409e10 f   net_serv.obj
 0001:00008ed0       _net_end                   00409ed0 f   net_serv.obj
 0001:00008ef0       _net_realloc               00409ef0 f   net_serv.obj
 0001:00009030       _net_clear                 0040a030 f   net_serv.obj
 0001:000090b0       _net_real_write            0040a0b0 f   net_serv.obj
 0001:00009560       _my_net_read               0040a560 f   net_serv.obj
 0001:000097d0       ?net_set_read_timeout@@YAXPAUst_net@@I@Z 0040a7d0 f   net_serv.obj
 0001:00009800       ?net_set_write_timeout@@YAXPAUst_net@@I@Z 0040a800 f   net_serv.obj
 0001:00009830       _net_flush                 0040a830 f   net_serv.obj
 0001:000099c0       _my_net_write              0040a9c0 f   net_serv.obj
 0001:00009ac0       _net_write_command         0040aac0 f   net_serv.obj
 0001:00009c90       _net_field_length@4        0040ac90 f   pack.obj
 0001:00009d00       _net_field_length_ll       0040ad00 f   pack.obj
 0001:00009d70       _net_store_length          0040ad70 f   pack.obj
 0001:00009e10       _randominit                0040ae10 f   password.obj
 0001:00009e50       _my_rnd                    0040ae50 f   password.obj
 0001:00009ea0       _hash_password             0040aea0 f   password.obj
 0001:00009f40       _make_scrambled_password_323 0040af40 f   password.obj
 0001:00009fa0       _scramble_323              0040afa0 f   password.obj
 0001:0000a160       _check_scramble_323        0040b160 f   password.obj
 0001:0000a340       _get_salt_from_password_323 0040b340 f   password.obj
 0001:0000a4a0       _make_password_from_salt_323 0040b4a0 f   password.obj
 0001:0000a4d0       _create_random_string      0040b4d0 f   password.obj
 0001:0000a550       _octet2hex                 0040b550 f   password.obj
 0001:0000a660       _make_scrambled_password   0040b660 f   password.obj
 0001:0000a730       _scramble                  0040b730 f   password.obj
 0001:0000a870       _check_scramble            0040b870 f   password.obj
 0001:0000a970       _get_salt_from_password    0040b970 f   password.obj
 0001:0000a990       _make_password_from_salt   0040b990 f   password.obj
 0001:0000a9b0       _mysql_errno_to_sqlstate   0040b9b0 f   sql_state.obj
 0001:0000aa10       _my_connect                0040ba10 f   client.obj
 0001:0000aa30       _create_named_pipe         0040ba30 f   client.obj
 0001:0000ad20       _free_rows                 0040bd20 f   client.obj
 0001:0000ad50       _free_old_query            0040bd50 f   client.obj
 0001:0000adc0       _set_mysql_error           0040bdc0 f   client.obj
 0001:0000aea0       _end_server                0040bea0 f   client.obj
 0001:0000aef0       _mysql_free_result@4       0040bef0 f   client.obj
 0001:0000b040       _mysql_read_default_options 0040c040 f   client.obj
 0001:0000b5d0       _unpack_fields             0040c5d0 f   client.obj
 0001:0000b9b0       _mysql_init@4              0040c9b0 f   client.obj
 0001:0000ba70       _mysql_ssl_set@24          0040ca70 f   client.obj
 0001:0000bbf0       _mysql_get_ssl_cipher@4    0040cbf0 f   client.obj
 0001:0000bd70       _mysql_init_character_set  0040cd70 f   client.obj
 0001:0000c040       _mysql_select_db@8         0040d040 f   client.obj
 0001:0000c240       _mysql_detach_stmt_list    0040d240 f   client.obj
 0001:0000c250       _mysql_close@4             0040d250 f   client.obj
 0001:0000c330       _mysql_send_query@12       0040d330 f   client.obj
 0001:0000c370       _mysql_real_query@12       0040d370 f   client.obj
 0001:0000c3e0       _mysql_store_result@4      0040d3e0 f   client.obj
 0001:0000c6d0       _mysql_fetch_lengths@4     0040d6d0 f   client.obj
 0001:0000c710       _mysql_options@12          0040d710 f   client.obj
 0001:0000ca70       _mysql_num_rows@4          0040da70 f   client.obj
 0001:0000ca80       _mysql_num_fields@4        0040da80 f   client.obj
 0001:0000ca90       _mysql_errno@4             0040da90 f   client.obj
 0001:0000caa0       _mysql_error@4             0040daa0 f   client.obj
 0001:0000cab0       _mysql_get_server_version@4 0040dab0 f   client.obj
 0001:0000cb20       _mysql_set_character_set@8 0040db20 f   client.obj
 0001:0000cc90       _cli_safe_read             0040dc90 f   client.obj
 0001:0000ceb0       _cli_read_rows             0040deb0 f   client.obj
 0001:0000d380       _mysql_real_connect@32     0040e380 f   client.obj
 0001:0000e460       _mysql_reconnect           0040f460 f   client.obj
 0001:0000e920       _mysql_fetch_row@4         0040f920 f   client.obj
 0001:0000ea20       _cli_advanced_command      0040fa20 f   client.obj
 0001:0000ec20       _get_tty_password          0040fc20 f   get_password.obj
 0001:0000ed30       _init_client_errs          0040fd30 f   errmsg.obj
 0001:0000ed50       _finish_client_errs        0040fd50 f   errmsg.obj
 0001:0000ed68       _InitializeCriticalSection@4 0040fd68 f   kernel32:KERNEL32.dll
 0001:0000ed6e       _DeleteCriticalSection@4   0040fd6e f   kernel32:KERNEL32.dll
 0001:0000ed74       _LeaveCriticalSection@4    0040fd74 f   kernel32:KERNEL32.dll
 0001:0000ed7a       _EnterCriticalSection@4    0040fd7a f   kernel32:KERNEL32.dll
 0001:0000ed80       _GetSystemTimeAsFileTime@4 0040fd80 f   kernel32:KERNEL32.dll
 0001:0000ed86       _CloseHandle@4             0040fd86 f   kernel32:KERNEL32.dll
 0001:0000ed8c       _GetExitCodeProcess@8      0040fd8c f   kernel32:KERNEL32.dll
 0001:0000ed92       _WaitForSingleObject@8     0040fd92 f   kernel32:KERNEL32.dll
 0001:0000ed98       _CreateProcessA@40         0040fd98 f   kernel32:KERNEL32.dll
 0001:0000ed9e       _SetLastError@4            0040fd9e f   kernel32:KERNEL32.dll
 0001:0000eda4       _GetLastError@0            0040fda4 f   kernel32:KERNEL32.dll
 0001:0000edaa       _CreateRemoteThread@28     0040fdaa f   kernel32:KERNEL32.dll
 0001:0000edb0       _GetProcAddress@8          0040fdb0 f   kernel32:KERNEL32.dll
 0001:0000edb6       _DuplicateHandle@28        0040fdb6 f   kernel32:KERNEL32.dll
 0001:0000edbc       _GetCurrentProcess@0       0040fdbc f   kernel32:KERNEL32.dll
 0001:0000edc2       _GetModuleHandleA@4        0040fdc2 f   kernel32:KERNEL32.dll
 0001:0000edc8       _TerminateProcess@8        0040fdc8 f   kernel32:KERNEL32.dll
 0001:0000edce       _OpenProcess@12            0040fdce f   kernel32:KERNEL32.dll
 0001:0000edd4       _Sleep@4                   0040fdd4 f   kernel32:KERNEL32.dll
 0001:0000edda       _GetCurrentThreadId@0      0040fdda f   kernel32:KERNEL32.dll
 0001:0000ede0       _GetModuleFileNameA@12     0040fde0 f   kernel32:KERNEL32.dll
 0001:0000ede6       _SetNamedPipeHandleState@16 0040fde6 f   kernel32:KERNEL32.dll
 0001:0000edec       _WaitNamedPipeA@8          0040fdec f   kernel32:KERNEL32.dll
 0001:0000edf2       _CreateFileA@28            0040fdf2 f   kernel32:KERNEL32.dll
 0001:0000edf8       _CloseServiceHandle@4      0040fdf8 f   advapi32:ADVAPI32.dll
 0001:0000edfe       _OpenServiceA@12           0040fdfe f   advapi32:ADVAPI32.dll
 0001:0000ee04       _OpenSCManagerA@12         0040fe04 f   advapi32:ADVAPI32.dll
 0001:0000ee0a       _SetServiceStatus@8        0040fe0a f   advapi32:ADVAPI32.dll
 0001:0000ee10       _CreateServiceA@52         0040fe10 f   advapi32:ADVAPI32.dll
 0001:0000ee16       _DeleteService@4           0040fe16 f   advapi32:ADVAPI32.dll
 0001:0000ee1c       _RegisterServiceCtrlHandlerA@8 0040fe1c f   advapi32:ADVAPI32.dll
 0001:0000ee22       _StartServiceCtrlDispatcherA@4 0040fe22 f   advapi32:ADVAPI32.dll
 0001:0000ee30       _my_realloc                0040fe30 f   mysys:my_realloc.obj
 0001:0000eeb0       _my_malloc                 0040feb0 f   mysys:my_malloc.obj
 0001:0000ef40       _my_no_flags_free          0040ff40 f   mysys:my_malloc.obj
 0001:0000ef60       _my_memdup                 0040ff60 f   mysys:my_malloc.obj
 0001:0000efa0       _my_strdup                 0040ffa0 f   mysys:my_malloc.obj
 0001:0000eff0       _my_strdup_with_length     0040fff0 f   mysys:my_malloc.obj
 0001:0000f030       _list_add                  00410030 f   mysys:list.obj
 0001:0000f060       _list_delete               00410060 f   mysys:list.obj
 0001:0000f090       _list_free                 00410090 f   mysys:list.obj
 0001:0000f0d0       _list_cons                 004100d0 f   mysys:list.obj
 0001:0000f110       _list_reverse              00410110 f   mysys:list.obj
 0001:0000f140       _list_length               00410140 f   mysys:list.obj
 0001:0000f160       _list_walk                 00410160 f   mysys:list.obj
 0001:0000f190       _init_dynamic_array        00410190 f   mysys:array.obj
 0001:0000f200       _alloc_dynamic             00410200 f   mysys:array.obj
 0001:0000f250       _pop_dynamic               00410250 f   mysys:array.obj
 0001:0000f270       _set_dynamic               00410270 f   mysys:array.obj
 0001:0000f310       _get_dynamic               00410310 f   mysys:array.obj
 0001:0000f360       _delete_dynamic            00410360 f   mysys:array.obj
 0001:0000f390       _delete_dynamic_element    00410390 f   mysys:array.obj
 0001:0000f3d0       _freeze_size               004103d0 f   mysys:array.obj
 0001:0000f410       _insert_dynamic            00410410 f   mysys:array.obj
 0001:0000f460       _my_read                   00410460 f   mysys:my_read.obj
 0001:0000f580       _my_seek                   00410580 f   mysys:my_seek.obj
 0001:0000f5c0       _my_tell                   004105c0 f   mysys:my_seek.obj
 0001:0000f600       _my_dirend                 00410600 f   mysys:my_lib.obj
 0001:0000f680       _my_dir                    00410680 f   mysys:my_lib.obj
 0001:0000f930       _my_fstat                  00410930 f   mysys:my_lib.obj
 0001:0000f950       _my_stat                   00410950 f   mysys:my_lib.obj
 0001:0000f9e0       _my_close                  004109e0 f   mysys:my_open.obj
 0001:0000fab0       _my_register_filename      00410ab0 f   mysys:my_open.obj
 0001:0000fbd0       _my_sopen                  00410bd0 f   mysys:my_open.obj
 0001:0000fe70       _my_open                   00410e70 f   mysys:my_open.obj
 0001:0000ff40       _modify_defaults_file      00410f40 f   mysys:default_modify.obj
 0001:00010390       _init_alloc_root           00411390 f   mysys:my_alloc.obj
 0001:000103f0       _reset_root_defaults       004113f0 f   mysys:my_alloc.obj
 0001:00010480       _alloc_root                00411480 f   mysys:my_alloc.obj
 0001:00010560       _multi_alloc_root          00411560 f   mysys:my_alloc.obj
 0001:00010620       _free_root                 00411620 f   mysys:my_alloc.obj
 0001:000106c0       _set_prealloc_root         004116c0 f   mysys:my_alloc.obj
 0001:00010710       _strmake_root              00411710 f   mysys:my_alloc.obj
 0001:00010750       _memdup_root               00411750 f   mysys:my_alloc.obj
 0001:00010790       _strdup_root               00411790 f   mysys:my_alloc.obj
 0001:000107e0       _pthread_cond_init         004117e0 f   mysys:my_wincond.obj
 0001:00010850       _pthread_cond_destroy      00411850 f   mysys:my_wincond.obj
 0001:000108a0       _pthread_cond_timedwait    004118a0 f   mysys:my_wincond.obj
 0001:00010980       _pthread_cond_signal       00411980 f   mysys:my_wincond.obj
 0001:000109b0       _pthread_cond_broadcast    004119b0 f   mysys:my_wincond.obj
 0001:000109f0       _pthread_attr_init         004119f0 f   mysys:my_wincond.obj
 0001:00010a10       _pthread_attr_setstacksize 00411a10 f   mysys:my_wincond.obj
 0001:00010a20       _pthread_attr_setprio      00411a20 f   mysys:my_wincond.obj
 0001:00010a30       _pthread_attr_destroy      00411a30 f   mysys:my_wincond.obj
 0001:00010a40       _localtime_r               00411a40 f   mysys:my_wincond.obj
 0001:00010ab0       _pthread_cond_wait         00411ab0 f   mysys:my_wincond.obj
 0001:00010ad0       _my_thread_global_end      00411ad0 f   mysys:my_thr_init.obj
 0001:00010bf0       _my_thread_init            00411bf0 f   mysys:my_thr_init.obj
 0001:00010c80       _my_thread_end             00411c80 f   mysys:my_thr_init.obj
 0001:00010d00       __my_thread_var            00411d00 f   mysys:my_thr_init.obj
 0001:00010d30       _my_thread_id              00411d30 f   mysys:my_thr_init.obj
 0001:00010d60       _my_thread_name            00411d60 f   mysys:my_thr_init.obj
 0001:00010d80       _my_thread_global_init     00411d80 f   mysys:my_thr_init.obj
 0001:00010e40       _win_pthread_init          00411e40 f   mysys:my_winthread.obj
 0001:00010e50       _pthread_exit              00411e50 f   mysys:my_winthread.obj
 0001:00010e60       _win_pthread_setspecific   00411e60 f   mysys:my_winthread.obj
 0001:00010e90       _pthread_start             00411e90 f   mysys:my_winthread.obj
 0001:00010ee0       _pthread_create            00411ee0 f   mysys:my_winthread.obj
 0001:00010f70       _gmtime_r                  00411f70 f   mysys:my_pthread.obj
 0001:00010fb0       _pthread_no_free           00411fb0 f   mysys:my_pthread.obj
 0001:00010fc0       _pthread_dummy             00411fc0 f   mysys:my_pthread.obj
 0001:00011010       __hash_init                00412010 f   mysys:hash.obj
 0001:000110c0       _hash_free                 004120c0 f   mysys:hash.obj
 0001:000110e0       _my_hash_reset             004120e0 f   mysys:hash.obj
 0001:00011290       _my_hash_insert            00412290 f   mysys:hash.obj
 0001:00011530       _hash_delete               00412530 f   mysys:hash.obj
 0001:00011770       _hash_update               00412770 f   mysys:hash.obj
 0001:000118e0       _hash_element              004128e0 f   mysys:hash.obj
 0001:00011900       _hash_replace              00412900 f   mysys:hash.obj
 0001:00011920       _hash_first                00412920 f   mysys:hash.obj
 0001:00011a40       _hash_next                 00412a40 f   mysys:hash.obj
 0001:00011ae0       _hash_search               00412ae0 f   mysys:hash.obj
 0001:00011b00       _my_charset_same           00412b00 f   mysys:charset.obj
 0001:00012160       _get_charsets_dir          00413160 f   mysys:charset.obj
 0001:00012220       _add_compiled_collation    00413220 f   mysys:charset.obj
 0001:00012320       _free_charsets             00413320 f   mysys:charset.obj
 0001:00012330       _get_collation_number      00413330 f   mysys:charset.obj
 0001:00012350       _get_charset_number        00413350 f   mysys:charset.obj
 0001:000123b0       _get_charset_name          004133b0 f   mysys:charset.obj
 0001:000124d0       _get_charset               004134d0 f   mysys:charset.obj
 0001:000125a0       _get_charset_by_name       004135a0 f   mysys:charset.obj
 0001:00012640       _get_charset_by_csname     00413640 f   mysys:charset.obj
 0001:000126e0       _escape_string_for_mysql   004136e0 f   mysys:charset.obj
 0001:00012890       _fs_character_set          00413890 f   mysys:charset.obj
 0001:00012920       _escape_quotes_for_mysql   00413920 f   mysys:charset.obj
 0001:00012a70       _get_defaults_options      00413a70 f   mysys:default.obj
 0001:00012b40       _free_defaults             00413b40 f   mysys:default.obj
 0001:00013560       _my_print_default_files    00414560 f   mysys:default.obj
 0001:000136a0       _print_defaults            004146a0 f   mysys:default.obj
 0001:000137d0       _my_search_option_files    004147d0 f   mysys:default.obj
 0001:00013a70       _load_defaults             00414a70 f   mysys:default.obj
 0001:00013d10       _strlength                 00414d10 f   mysys:mf_format.obj
 0001:00013d50       _fn_format                 00414d50 f   mysys:mf_format.obj
 0001:00013fa0       _my_load_path              00414fa0 f   mysys:mf_loadpath.obj
 0001:000140d0       _my_fclose                 004150d0 f   mysys:my_fopen.obj
 0001:000141e0       _my_fopen                  004151e0 f   mysys:my_fopen.obj
 0001:00014350       _my_fdopen                 00415350 f   mysys:my_fopen.obj
 0001:00014450       _dirname_length            00415450 f   mysys:mf_dirname.obj
 0001:00014490       _convert_dirname           00415490 f   mysys:mf_dirname.obj
 0001:00014540       _dirname_part              00415540 f   mysys:mf_dirname.obj
 0001:00014570       _my_delete                 00415570 f   mysys:my_delete.obj
 0001:000145d0       _nt_share_delete           004155d0 f   mysys:my_delete.obj
 0001:00014700       _my_end                    00415700 f   mysys:my_init.obj
 0001:00014770       _setEnvString              00415770 f   mysys:my_init.obj
 0001:00014790       _my_parameter_handler      00415790 f   mysys:my_init.obj
 0001:000149d0       _my_init                   004159d0 f   mysys:my_init.obj
 0001:00014af0       _my_getopt_register_get_addr 00415af0 f   mysys:my_getopt.obj
 0001:00014b50       _getopt_compare_strings    00415b50 f   mysys:my_getopt.obj
 0001:00014ce0       _getopt_ull_limit_value    00415ce0 f   mysys:my_getopt.obj
 0001:00014eb0       _my_print_help             00415eb0 f   mysys:my_getopt.obj
 0001:000150f0       _my_print_variables        004160f0 f   mysys:my_getopt.obj
 0001:000154d0       _handle_options            004164d0 f   mysys:my_getopt.obj
 0001:00015ed0       _my_compress_alloc         00416ed0 f   mysys:my_compress.obj
 0001:00015f40       _my_uncompress             00416f40 f   mysys:my_compress.obj
 0001:00015fb0       _my_compress               00416fb0 f   mysys:my_compress.obj
 0001:00016010       _mysql_sha1_reset          00417010 f   mysys:sha1.obj
 0001:000167e0       _mysql_sha1_result         004177e0 f   mysys:sha1.obj
 0001:00016840       _mysql_sha1_input          00417840 f   mysys:sha1.obj
 0001:00016890       _find_type                 00417890 f   mysys:typelib.obj
 0001:000169e0       _get_type                  004179e0 f   mysys:typelib.obj
 0001:00016a00       _copy_typelib              00417a00 f   mysys:typelib.obj
 0001:00016ad0       _make_type                 00417ad0 f   mysys:typelib.obj
 0001:00016b20       _my_error                  00417b20 f   mysys:my_error.obj
 0001:00016bd0       _my_printf_error           00417bd0 f   mysys:my_error.obj
 0001:00016c30       _my_message                00417c30 f   mysys:my_error.obj
 0001:00016c40       _my_error_register         00417c40 f   mysys:my_error.obj
 0001:00016cc0       _my_error_unregister       00417cc0 f   mysys:my_error.obj
 0001:00016d10       _my_multi_malloc           00417d10 f   mysys:mulalloc.obj
 0001:00016d80       _my_gethostbyname_r        00417d80 f   mysys:my_gethostbyname.obj
 0001:00016db0       _my_gethostbyname_r_free   00417db0 f   mysys:my_gethostbyname.obj
 0001:00016dc0       _thr_alarm_kill            00417dc0 f   mysys:thr_alarm.obj
 0001:00016dd0       _process_alarm             00417dd0 f   mysys:thr_alarm.obj
 0001:00016de0       _thr_alarm                 00417de0 f   mysys:thr_alarm.obj
 0001:00016e30       _thr_got_alarm             00417e30 f   mysys:thr_alarm.obj
 0001:00016ea0       _thr_end_alarm             00417ea0 f   mysys:thr_alarm.obj
 0001:00016ed0       _end_thr_alarm             00417ed0 f   mysys:thr_alarm.obj
 0001:00016ee0       _init_thr_alarm            00417ee0 f   mysys:thr_alarm.obj
 0001:00016ef0       _thr_alarm_info            00417ef0 f   mysys:thr_alarm.obj
 0001:00016f00       _resize_thr_alarm          00417f00 f   mysys:thr_alarm.obj
 0001:00016f10       _my_filename               00417f10 f   mysys:my_div.obj
 0001:00016f50       _qsort                     00417f50 f   mysys:mf_qsort.obj
 0001:00017570       _my_access                 00418570 f   mysys:my_access.obj
 0001:000175c0       _check_if_legal_filename   004185c0 f   mysys:my_access.obj
 0001:00017660       _my_fread                  00418660 f   mysys:my_fstream.obj
 0001:00017730       _my_fseek                  00418730 f   mysys:my_fstream.obj
 0001:00017760       _my_ftell                  00418760 f   mysys:my_fstream.obj
 0001:00017770       _my_fwrite                 00418770 f   mysys:my_fstream.obj
 0001:00017880       _my_chsize                 00418880 f   mysys:my_chsize.obj
 0001:00017a00       _my_once_alloc             00418a00 f   mysys:my_once.obj
 0001:00017ab0       _my_once_strdup            00418ab0 f   mysys:my_once.obj
 0001:00017b00       _my_once_memdup            00418b00 f   mysys:my_once.obj
 0001:00017b40       _my_once_free              00418b40 f   mysys:my_once.obj
 0001:00017b70       _my_getwd                  00418b70 f   mysys:my_getwd.obj
 0001:00017c10       _test_if_hard_path         00418c10 f   mysys:my_getwd.obj
 0001:00017c60       _has_path                  00418c60 f   mysys:my_getwd.obj
 0001:00017ca0       _my_setwd                  00418ca0 f   mysys:my_getwd.obj
 0001:00017d50       _init_compiled_charsets    00418d50 f   mysys:charset-def.obj
 0001:00018020       _fn_ext                    00419020 f   mysys:mf_fn_ext.obj
 0001:00018080       _my_readlink               00419080 f   mysys:my_symlink.obj
 0001:000180a0       _my_symlink                004190a0 f   mysys:my_symlink.obj
 0001:000180b0       _my_realpath               004190b0 f   mysys:my_symlink.obj
 0001:000180d0       _cleanup_dirname           004190d0 f   mysys:mf_pack.obj
 0001:000183a0       _symdirget                 004193a0 f   mysys:mf_pack.obj
 0001:000184e0       _system_filename           004194e0 f   mysys:mf_pack.obj
 0001:00018500       _intern_filename           00419500 f   mysys:mf_pack.obj
 0001:00018590       _pack_dirname              00419590 f   mysys:mf_pack.obj
 0001:00018780       _unpack_dirname            00419780 f   mysys:mf_pack.obj
 0001:000188b0       _unpack_filename           004198b0 f   mysys:mf_pack.obj
 0001:00018970       _my_message_no_curses      00419970 f   mysys:my_messnc.obj
 0001:000189f0       _init_glob_errs            004199f0 f   mysys:errors.obj
 0001:00018a00       _my_write                  00419a00 f   mysys:my_write.obj
 0001:00018b70       _strnmov                   00419b70 f   strings:strnmov.obj
 0001:00018ba0       _int2str                   00419ba0 f   strings:int2str.obj
 0001:00018c80       _int10_to_str              00419c80 f   strings:int2str.obj
 0001:00018d20       _strmake                   00419d20 f   strings:strmake.obj
 0001:00018d50       _strmov                    00419d50 f   strings:strmov.obj
 0001:00018d70       _strxnmov                  00419d70 f   strings:strxnmov.obj
 0001:00018dc0       _strend                    00419dc0 f   strings:strend.obj
 0001:00018dd0       _is_prefix                 00419dd0 f   strings:is_prefix.obj
 0001:00019090       _my_hash_sort_latin1_de    0041a090 f   strings:ctype-latin1.obj
 0001:00019140       _my_vsnprintf              0041a140 f   strings:my_vsnprintf.obj
 0001:00019450       _my_snprintf               0041a450 f   strings:my_vsnprintf.obj
 0001:00019470       _strcend                   0041a470 f   strings:strcend.obj
 0001:00019490       _my_strnxfrmlen_simple     0041a490 f   strings:ctype-simple.obj
 0001:000194b0       _my_strnxfrm_simple        0041a4b0 f   strings:ctype-simple.obj
 0001:00019530       _my_strnncoll_simple       0041a530 f   strings:ctype-simple.obj
 0001:000195a0       _my_strnncollsp_simple     0041a5a0 f   strings:ctype-simple.obj
 0001:00019650       _my_caseup_str_8bit        0041a650 f   strings:ctype-simple.obj
 0001:00019690       _my_casedn_str_8bit        0041a690 f   strings:ctype-simple.obj
 0001:000196d0       _my_caseup_8bit            0041a6d0 f   strings:ctype-simple.obj
 0001:00019700       _my_casedn_8bit            0041a700 f   strings:ctype-simple.obj
 0001:00019730       _my_strcasecmp_8bit        0041a730 f   strings:ctype-simple.obj
 0001:00019790       _my_mb_wc_8bit             0041a790 f   strings:ctype-simple.obj
 0001:000197d0       _my_wc_mb_8bit             0041a7d0 f   strings:ctype-simple.obj
 0001:00019830       _my_snprintf_8bit          0041a830 f   strings:ctype-simple.obj
 0001:00019850       _my_hash_sort_simple       0041a850 f   strings:ctype-simple.obj
 0001:000198d0       _my_strntol_8bit           0041a8d0 f   strings:ctype-simple.obj
 0001:00019a20       _my_strntoul_8bit          0041aa20 f   strings:ctype-simple.obj
 0001:00019b60       _my_strntoll_8bit          0041ab60 f   strings:ctype-simple.obj
 0001:00019d30       _my_strntoull_8bit         0041ad30 f   strings:ctype-simple.obj
 0001:00019ec0       _my_strntod_8bit           0041aec0 f   strings:ctype-simple.obj
 0001:00019ef0       _my_long10_to_str_8bit     0041aef0 f   strings:ctype-simple.obj
 0001:00019fc0       _my_longlong10_to_str_8bit 0041afc0 f   strings:ctype-simple.obj
 0001:0001a0e0       _my_wildcmp_8bit           0041b0e0 f   strings:ctype-simple.obj
 0001:0001a270       _my_like_range_simple      0041b270 f   strings:ctype-simple.obj
 0001:0001a380       _my_scan_8bit              0041b380 f   strings:ctype-simple.obj
 0001:0001a3e0       _my_fill_8bit              0041b3e0 f   strings:ctype-simple.obj
 0001:0001a410       _my_numchars_8bit          0041b410 f   strings:ctype-simple.obj
 0001:0001a420       _my_numcells_8bit          0041b420 f   strings:ctype-simple.obj
 0001:0001a430       _my_charpos_8bit           0041b430 f   strings:ctype-simple.obj
 0001:0001a440       _my_well_formed_len_8bit   0041b440 f   strings:ctype-simple.obj
 0001:0001a460       _my_lengthsp_8bit          0041b460 f   strings:ctype-simple.obj
 0001:0001a480       _my_instr_simple           0041b480 f   strings:ctype-simple.obj
 0001:0001aa50       _my_strtoll10_8bit         0041ba50 f   strings:ctype-simple.obj
 0001:0001aa70       _my_strntoull10rnd_8bit    0041ba70 f   strings:ctype-simple.obj
 0001:0001aec0       _my_propagate_simple       0041bec0 f   strings:ctype-simple.obj
 0001:0001aed0       _my_propagate_complex      0041bed0 f   strings:ctype-simple.obj
 0001:0001af40       _my_lengthsp_binary        0041bf40 f   strings:ctype-bin.obj
 0001:0001b0e0       _my_mbcharlen_8bit         0041c0e0 f   strings:ctype-bin.obj
 0001:0001b140       _my_hash_sort_bin          0041c140 f   strings:ctype-bin.obj
 0001:0001b190       _my_wildcmp_bin            0041c190 f   strings:ctype-bin.obj
 0001:0001cd70       _my_parse_charset_xml      0041dd70 f   strings:ctype.obj
 0001:0001ce20       _strxmov                   0041de20 f   strings:strxmov.obj
 0001:0001d680       _str2int                   0041e680 f   strings:str2int.obj
 0001:0001d830       _strtoll                   0041e830 f   strings:strtoll.obj
 0001:0001da60       _longlong2str              0041ea60 f   strings:longlong2str.obj
 0001:0001dba0       _longlong10_to_str         0041eba0 f   strings:longlong2str.obj
 0001:0001dca0       _llstr                     0041eca0 f   strings:llstr.obj
 0001:0001dcc0       _my_wildcmp_unicode        0041ecc0 f   strings:ctype-utf8.obj
 0001:00020ec0       _my_strntol_ucs2           00421ec0 f   strings:ctype-ucs2.obj
 0001:000210d0       _my_strntoul_ucs2          004220d0 f   strings:ctype-ucs2.obj
 0001:000212c0       _my_strntoll_ucs2          004222c0 f   strings:ctype-ucs2.obj
 0001:00021570       _my_strntoull_ucs2         00422570 f   strings:ctype-ucs2.obj
 0001:000217e0       _my_strntod_ucs2           004227e0 f   strings:ctype-ucs2.obj
 0001:000218b0       _my_strntoull10rnd_ucs2    004228b0 f   strings:ctype-ucs2.obj
 0001:00021980       _my_l10tostr_ucs2          00422980 f   strings:ctype-ucs2.obj
 0001:00021a50       _my_ll10tostr_ucs2         00422a50 f   strings:ctype-ucs2.obj
 0001:00021b70       _my_strtoll10_ucs2         00422b70 f   strings:ctype-ucs2.obj
 0001:00022240       _my_like_range_ucs2        00423240 f   strings:ctype-ucs2.obj
 0001:000223f0       _my_scan_ucs2              004233f0 f   strings:ctype-ucs2.obj
 0001:00023020       _my_strnncoll_gbk_internal 00424020 f   strings:ctype-gbk.obj
 0001:00023150       _my_strnncoll_gbk          00424150 f   strings:ctype-gbk.obj
 0001:00026e20       _bchange                   00427e20 f   strings:bchange.obj
 0001:00026e80       _bmove_upp                 00427e80 f   strings:bmove_upp.obj
 0001:00026ea0       _my_strtod                 00427ea0 f   strings:strtod.obj
 0001:000271d0       _my_atof                   004281d0 f   strings:strtod.obj
 0001:00027200       _my_strtoll10              00428200 f   strings:my_strtoll10.obj
 0001:000274c0       _my_caseup_str_mb          004284c0 f   strings:ctype-mb.obj
 0001:00027510       _my_casedn_str_mb          00428510 f   strings:ctype-mb.obj
 0001:00027560       _my_caseup_mb              00428560 f   strings:ctype-mb.obj
 0001:000275b0       _my_casedn_mb              004285b0 f   strings:ctype-mb.obj
 0001:00027600       _my_strcasecmp_mb          00428600 f   strings:ctype-mb.obj
 0001:00027690       _my_wildcmp_mb             00428690 f   strings:ctype-mb.obj
 0001:000279b0       _my_numchars_mb            004289b0 f   strings:ctype-mb.obj
 0001:000279f0       _my_charpos_mb             004289f0 f   strings:ctype-mb.obj
 0001:00027a50       _my_well_formed_len_mb     00428a50 f   strings:ctype-mb.obj
 0001:00027ac0       _my_instr_mb               00428ac0 f   strings:ctype-mb.obj
 0001:00027e20       _my_like_range_mb          00428e20 f   strings:ctype-mb.obj
 0001:00028290       _my_numcells_mb            00429290 f   strings:ctype-mb.obj
 0001:00028830       _my_xml_parse              00429830 f   strings:xml.obj
 0001:00028be0       _my_xml_parser_create      00429be0 f   strings:xml.obj
 0001:00028bf0       _my_xml_parser_free        00429bf0 f   strings:xml.obj
 0001:00028c00       _my_xml_set_value_handler  00429c00 f   strings:xml.obj
 0001:00028c10       _my_xml_set_enter_handler  00429c10 f   strings:xml.obj
 0001:00028c20       _my_xml_set_leave_handler  00429c20 f   strings:xml.obj
 0001:00028c30       _my_xml_set_user_data      00429c30 f   strings:xml.obj
 0001:00028c40       _my_xml_error_string       00429c40 f   strings:xml.obj
 0001:00028c50       _my_xml_error_pos          00429c50 f   strings:xml.obj
 0001:00028c80       _my_xml_error_lineno       00429c80 f   strings:xml.obj
 0001:00028ce0       _vio_delete                00429ce0 f   vio:vio.obj
 0001:00028d10       _vio_end                   00429d10 f   vio:vio.obj
 0001:00028e90       _vio_reset                 00429e90 f   vio:vio.obj
 0001:00028ec0       _vio_new                   00429ec0 f   vio:vio.obj
 0001:00028f40       _vio_new_win32pipe         00429f40 f   vio:vio.obj
 0001:00029010       _vio_new_win32shared_memory 0042a010 f   vio:vio.obj
 0001:00029130       _vio_errno                 0042a130 f   vio:viosocket.obj
 0001:00029140       _vio_read                  0042a140 f   vio:viosocket.obj
 0001:00029160       _vio_read_buff             0042a160 f   vio:viosocket.obj
 0001:00029210       _vio_write                 0042a210 f   vio:viosocket.obj
 0001:00029230       _vio_blocking              0042a230 f   vio:viosocket.obj
 0001:000292b0       _vio_is_blocking           0042a2b0 f   vio:viosocket.obj
 0001:000292c0       _vio_fastsend              0042a2c0 f   vio:viosocket.obj
 0001:000292f0       _vio_keepalive             0042a2f0 f   vio:viosocket.obj
 0001:00029330       _vio_should_retry          0042a330 f   vio:viosocket.obj
 0001:00029360       _vio_was_interrupted       0042a360 f   vio:viosocket.obj
 0001:00029390       _vio_close                 0042a390 f   vio:viosocket.obj
 0001:00029400       _vio_description           0042a400 f   vio:viosocket.obj
 0001:00029410       _vio_type                  0042a410 f   vio:viosocket.obj
 0001:00029420       _vio_fd                    0042a420 f   vio:viosocket.obj
 0001:00029430       _vio_peer_addr             0042a430 f   vio:viosocket.obj
 0001:000294b0       _vio_in_addr               0042a4b0 f   vio:viosocket.obj
 0001:000294d0       _vio_poll_read             0042a4d0 f   vio:viosocket.obj
 0001:000294e0       _vio_timeout               0042a4e0 f   vio:viosocket.obj
 0001:00029520       _vio_read_pipe             0042a520 f   vio:viosocket.obj
 0001:00029550       _vio_write_pipe            0042a550 f   vio:viosocket.obj
 0001:00029580       _vio_close_pipe            0042a580 f   vio:viosocket.obj
 0001:000295a0       _vio_ignore_timeout        0042a5a0 f   vio:viosocket.obj
 0001:000295b0       _vio_read_shared_memory    0042a5b0 f   vio:viosocket.obj
 0001:000296d0       _vio_write_shared_memory   0042a6d0 f   vio:viosocket.obj
 0001:00029780       _vio_close_shared_memory   0042a780 f   vio:viosocket.obj
 0001:00029850       _vio_ssl_read              0042a850 f   vio:viossl.obj
 0001:00029870       _vio_ssl_write             0042a870 f   vio:viossl.obj
 0001:00029890       _vio_ssl_close             0042a890 f   vio:viossl.obj
 0001:000298c0       _vio_ssl_delete            0042a8c0 f   vio:viossl.obj
 0001:00029920       _sslaccept                 0042a920 f   vio:viossl.obj
 0001:00029a20       _sslconnect                0042aa20 f   vio:viossl.obj
 0001:00029b20       _vio_ssl_blocking          0042ab20 f   vio:viossl.obj
 0001:00029e70       _new_VioSSLConnectorFd     0042ae70 f   vio:viosslfactories.obj
 0001:00029ed0       _new_VioSSLAcceptorFd      0042aed0 f   vio:viosslfactories.obj
 0001:00029f30       ??2@YAPAXIPAUDummy@@@Z     0042af30 f i yassl:ssl.obj
 0001:00029f40       ??1Message@yaSSL@@UAE@XZ   0042af40 f i yassl:ssl.obj
 0001:00029f50       ??_EMessage@yaSSL@@UAEPAXI@Z 0042af50 f i yassl:ssl.obj
 0001:00029f50       ??_GMessage@yaSSL@@UAEPAXI@Z 0042af50 f i yassl:ssl.obj
 0001:00029f70       ??1Alert@yaSSL@@UAE@XZ     0042af70 f i yassl:ssl.obj
 0001:00029f80       ??1HandShakeBase@yaSSL@@UAE@XZ 0042af80 f i yassl:ssl.obj
 0001:00029f90       ??_EHandShakeBase@yaSSL@@UAEPAXI@Z 0042af90 f i yassl:ssl.obj
 0001:00029f90       ??_GHandShakeBase@yaSSL@@UAEPAXI@Z 0042af90 f i yassl:ssl.obj
 0001:00029fb0       ??0EncryptedInfo@yaSSL@@QAE@XZ 0042afb0 f i yassl:ssl.obj
 0001:00029fc0       ?min@TaoCrypt@@YAIII@Z     0042afc0 f i yassl:ssl.obj
 0001:00029fd0       ??0Error@TaoCrypt@@QAE@W4ErrorNumber@1@@Z 0042afd0 f i yassl:ssl.obj
 0001:00029fe0       ?assign@BIGNUM@yaSSL@@QAEXPBEI@Z 0042afe0 f i yassl:ssl.obj
 0001:00029ff0       ??1Finished@yaSSL@@UAE@XZ  0042aff0 f i yassl:ssl.obj
 0001:0002a000       ??1HASH@TaoCrypt@@UAE@XZ   0042b000 f i yassl:ssl.obj
 0001:0002a010       ??_EHASH@TaoCrypt@@UAEPAXI@Z 0042b010 f i yassl:ssl.obj
 0001:0002a010       ??_GHASH@TaoCrypt@@UAEPAXI@Z 0042b010 f i yassl:ssl.obj
 0001:0002a030       ??1HASHwithTransform@TaoCrypt@@UAE@XZ 0042b030 f i yassl:ssl.obj
 0001:0002a040       ??0MD5@TaoCrypt@@QAE@XZ    0042b040 f i yassl:ssl.obj
 0001:0002a060       ?getByteOrder@MD5@TaoCrypt@@UBE?AW4ByteOrder@2@XZ 0042b060 f i yassl:ssl.obj
 0001:0002a070       ?getBlockSize@MD5@TaoCrypt@@UBEIXZ 0042b070 f i yassl:ssl.obj
 0001:0002a080       ?getDigestSize@MD5@TaoCrypt@@UBEIXZ 0042b080 f i yassl:ssl.obj
 0001:0002a090       ?getPadSize@MD5@TaoCrypt@@UBEIXZ 0042b090 f i yassl:ssl.obj
 0001:0002a0a0       ??0MD4@TaoCrypt@@QAE@XZ    0042b0a0 f i yassl:ssl.obj
 0001:0002a0c0       ?getByteOrder@MD4@TaoCrypt@@UBE?AW4ByteOrder@2@XZ 0042b0c0 f i yassl:ssl.obj
 0001:0002a0d0       ?getBlockSize@MD4@TaoCrypt@@UBEIXZ 0042b0d0 f i yassl:ssl.obj
 0001:0002a0e0       ?getDigestSize@MD4@TaoCrypt@@UBEIXZ 0042b0e0 f i yassl:ssl.obj
 0001:0002a0f0       ?getPadSize@MD4@TaoCrypt@@UBEIXZ 0042b0f0 f i yassl:ssl.obj
 0001:0002a100       _yaSSLv3_server_method     0042b100 f   yassl:ssl.obj
 0001:0002a140       _yaSSLv3_client_method     0042b140 f   yassl:ssl.obj
 0001:0002a180       _yaTLSv1_server_method     0042b180 f   yassl:ssl.obj
 0001:0002a1c0       _yaTLSv1_client_method     0042b1c0 f   yassl:ssl.obj
 0001:0002a200       _yaTLSv1_1_server_method   0042b200 f   yassl:ssl.obj
 0001:0002a240       _yaTLSv1_1_client_method   0042b240 f   yassl:ssl.obj
 0001:0002a280       _yaSSLv23_server_method    0042b280 f   yassl:ssl.obj
 0001:0002a2c0       _yaSSLv23_client_method    0042b2c0 f   yassl:ssl.obj
 0001:0002a300       _yaSSL_CTX_new             0042b300 f   yassl:ssl.obj
 0001:0002a330       _yaSSL_new                 0042b330 f   yassl:ssl.obj
 0001:0002a360       _yaSSL_set_fd              0042b360 f   yassl:ssl.obj
 0001:0002a380       _yaSSL_connect             0042b380 f   yassl:ssl.obj
 0001:0002a5d0       _yaSSL_write               0042b5d0 f   yassl:ssl.obj
 0001:0002a5e0       ??1Data@yaSSL@@UAE@XZ      0042b5e0 f i yassl:ssl.obj
 0001:0002a5f0       _yaSSL_accept              0042b5f0 f   yassl:ssl.obj
 0001:0002a870       _yaSSL_do_handshake        0042b870 f   yassl:ssl.obj
 0001:0002a8a0       _yaSSL_clear               0042b8a0 f   yassl:ssl.obj
 0001:0002a8c0       _yaSSL_shutdown            0042b8c0 f   yassl:ssl.obj
 0001:0002a920       _yaSSL_CTX_set_session_cache_mode 0042b920 f   yassl:ssl.obj
 0001:0002a940       _yaSSL_get_session         0042b940 f   yassl:ssl.obj
 0001:0002a990       _yaSSL_set_session         0042b990 f   yassl:ssl.obj
 0001:0002a9d0       _yaSSL_session_reused      0042b9d0 f   yassl:ssl.obj
 0001:0002a9f0       _yaSSL_SESSION_set_timeout 0042b9f0 f   yassl:ssl.obj
 0001:0002aa10       _yaSSL_get_default_timeout 0042ba10 f   yassl:ssl.obj
 0001:0002aa20       _yaSSL_get_cipher          0042ba20 f   yassl:ssl.obj
 0001:0002aa40       _yaSSL_get_shared_ciphers  0042ba40 f   yassl:ssl.obj
 0001:0002aa60       _yaSSL_get_cipher_list     0042ba60 f   yassl:ssl.obj
 0001:0002aac0       _yaSSL_CTX_set_cipher_list 0042bac0 f   yassl:ssl.obj
 0001:0002aae0       _yaSSL_get_version         0042bae0 f   yassl:ssl.obj
 0001:0002ab00       _yaSSLeay_version          0042bb00 f   yassl:ssl.obj
 0001:0002ab10       _yaSSL_get_error           0042bb10 f   yassl:ssl.obj
 0001:0002ab20       _yaSSL_set_compression     0042bb20 f   yassl:ssl.obj
 0001:0002ab30       _yaSSL_get_peer_certificate 0042bb30 f   yassl:ssl.obj
 0001:0002ab50       _yaX509_free               0042bb50 f   yassl:ssl.obj
 0001:0002ab60       _yaX509_STORE_CTX_get_current_cert 0042bb60 f   yassl:ssl.obj
 0001:0002ab70       _yaX509_STORE_CTX_get_error 0042bb70 f   yassl:ssl.obj
 0001:0002ab80       _yaX509_STORE_CTX_get_error_depth 0042bb80 f   yassl:ssl.obj
 0001:0002ab90       _yaX509_NAME_oneline       0042bb90 f   yassl:ssl.obj
 0001:0002ac20       _yaX509_get_issuer_name    0042bc20 f   yassl:ssl.obj
 0001:0002ac30       _yaX509_get_subject_name   0042bc30 f   yassl:ssl.obj
 0001:0002ac40       _yaSSL_load_error_strings  0042bc40 f   yassl:ssl.obj
 0001:0002ac50       _yaSSL_set_connect_state   0042bc50 f   yassl:ssl.obj
 0001:0002ac60       _yaSSL_set_accept_state    0042bc60 f   yassl:ssl.obj
 0001:0002ac80       _yaSSL_get_verify_result   0042bc80 f   yassl:ssl.obj
 0001:0002ac90       _yaSSL_CTX_sess_set_cache_size 0042bc90 f   yassl:ssl.obj
 0001:0002aca0       _yaSSL_CTX_get_session_cache_mode 0042bca0 f   yassl:ssl.obj
 0001:0002acb0       _yaSSL_CTX_set_tmp_dh      0042bcb0 f   yassl:ssl.obj
 0001:0002acd0       _yaSSL_CTX_set_verify      0042bcd0 f   yassl:ssl.obj
 0001:0002ad10       _yaSSL_CTX_set_default_verify_paths 0042bd10 f   yassl:ssl.obj
 0001:0002ad20       _yaSSL_CTX_set_session_id_context 0042bd20 f   yassl:ssl.obj
 0001:0002ad30       _yaSSL_CTX_check_private_key 0042bd30 f   yassl:ssl.obj
 0001:0002ad40       _yaSSL_CTX_sess_accept     0042bd40 f   yassl:ssl.obj
 0001:0002ad50       _yaSSL_CTX_sess_connect    0042bd50 f   yassl:ssl.obj
 0001:0002ad60       _yaSSL_CTX_sess_accept_good 0042bd60 f   yassl:ssl.obj
 0001:0002ad70       _yaSSL_CTX_sess_connect_good 0042bd70 f   yassl:ssl.obj
 0001:0002ad80       _yaSSL_CTX_sess_accept_renegotiate 0042bd80 f   yassl:ssl.obj
 0001:0002ad90       _yaSSL_CTX_sess_connect_renegotiate 0042bd90 f   yassl:ssl.obj
 0001:0002ada0       _yaSSL_CTX_sess_hits       0042bda0 f   yassl:ssl.obj
 0001:0002adb0       _yaSSL_CTX_sess_cb_hits    0042bdb0 f   yassl:ssl.obj
 0001:0002adc0       _yaSSL_CTX_sess_cache_full 0042bdc0 f   yassl:ssl.obj
 0001:0002add0       _yaSSL_CTX_sess_misses     0042bdd0 f   yassl:ssl.obj
 0001:0002ade0       _yaSSL_CTX_sess_timeouts   0042bde0 f   yassl:ssl.obj
 0001:0002adf0       _yaSSL_CTX_sess_number     0042bdf0 f   yassl:ssl.obj
 0001:0002ae00       _yaSSL_CTX_sess_get_cache_size 0042be00 f   yassl:ssl.obj
 0001:0002ae10       _yaSSL_CTX_get_verify_mode 0042be10 f   yassl:ssl.obj
 0001:0002ae20       _yaSSL_get_verify_mode     0042be20 f   yassl:ssl.obj
 0001:0002ae40       _yaSSL_CTX_get_verify_depth 0042be40 f   yassl:ssl.obj
 0001:0002ae50       _yaSSL_get_verify_depth    0042be50 f   yassl:ssl.obj
 0001:0002ae70       _yaSSL_CTX_set_options     0042be70 f   yassl:ssl.obj
 0001:0002ae80       _yaSSL_CTX_set_info_callback 0042be80 f   yassl:ssl.obj
 0001:0002ae90       _yaOpenSSL_add_all_algorithms 0042be90 f   yassl:ssl.obj
 0001:0002aea0       _yaSSL_library_init        0042bea0 f   yassl:ssl.obj
 0001:0002aeb0       _yaDH_new                  0042beb0 f   yassl:ssl.obj
 0001:0002aed0       ??0BIGNUM@yaSSL@@QAE@XZ    0042bed0 f i yassl:ssl.obj
 0001:0002aee0       _yaERR_get_error_line_data 0042bee0 f   yassl:ssl.obj
 0001:0002aef0       _yaERR_print_errors_fp     0042bef0 f   yassl:ssl.obj
 0001:0002af00       _yaERR_error_string        0042bf00 f   yassl:ssl.obj
 0001:0002af30       _yaX509_verify_cert_error_string 0042bf30 f   yassl:ssl.obj
 0001:0002af40       _yaEVP_md5                 0042bf40 f   yassl:ssl.obj
 0001:0002af50       _yaEVP_des_ede3_cbc        0042bf50 f   yassl:ssl.obj
 0001:0002af60       _yaEVP_BytesToKey          0042bf60 f   yassl:ssl.obj
 0001:0002b1c0       _yaDES_set_key_unchecked   0042c1c0 f   yassl:ssl.obj
 0001:0002b1e0       _yaDES_ede3_cbc_encrypt    0042c1e0 f   yassl:ssl.obj
 0001:0002b2b0       _yaRAND_status             0042c2b0 f   yassl:ssl.obj
 0001:0002b2c0       _yaDES_set_key             0042c2c0 f   yassl:ssl.obj
 0001:0002b2e0       _yaDES_set_odd_parity      0042c2e0 f   yassl:ssl.obj
 0001:0002b2f0       _yaDES_ecb_encrypt         0042c2f0 f   yassl:ssl.obj
 0001:0002b360       _yaSSL_CTX_set_default_passwd_cb_userdata 0042c360 f   yassl:ssl.obj
 0001:0002b370       _yaSSL_get_certificate     0042c370 f   yassl:ssl.obj
 0001:0002b380       _yaSSL_get_privatekey      0042c380 f   yassl:ssl.obj
 0001:0002b390       _yaSSL_SESSION_free        0042c390 f   yassl:ssl.obj
 0001:0002b3a0       _yaX509_get_pubkey         0042c3a0 f   yassl:ssl.obj
 0001:0002b3b0       _yaEVP_PKEY_copy_parameters 0042c3b0 f   yassl:ssl.obj
 0001:0002b3c0       _yaEVP_PKEY_free           0042c3c0 f   yassl:ssl.obj
 0001:0002b3d0       _yaERR_error_string_n      0042c3d0 f   yassl:ssl.obj
 0001:0002b3f0       _yaERR_free_strings        0042c3f0 f   yassl:ssl.obj
 0001:0002b400       _yaEVP_cleanup             0042c400 f   yassl:ssl.obj
 0001:0002b410       _yaX509_get_notBefore      0042c410 f   yassl:ssl.obj
 0001:0002b420       _yaX509_get_notAfter       0042c420 f   yassl:ssl.obj
 0001:0002b430       _yaSSLv2_client_method     0042c430 f   yassl:ssl.obj
 0001:0002b440       _yaSSL_get1_session        0042c440 f   yassl:ssl.obj
 0001:0002b490       _yaGENERAL_NAMES_free      0042c490 f   yassl:ssl.obj
 0001:0002b4a0       _yask_GENERAL_NAME_num     0042c4a0 f   yassl:ssl.obj
 0001:0002b4b0       _yask_GENERAL_NAME_value   0042c4b0 f   yassl:ssl.obj
 0001:0002b4c0       _yaASN1_STRING_data        0042c4c0 f   yassl:ssl.obj
 0001:0002b4d0       _yaASN1_STRING_length      0042c4d0 f   yassl:ssl.obj
 0001:0002b4e0       _yaASN1_STRING_type        0042c4e0 f   yassl:ssl.obj
 0001:0002b4f0       _yaX509_NAME_get_index_by_NID 0042c4f0 f   yassl:ssl.obj
 0001:0002b530       _yaX509_NAME_ENTRY_get_data 0042c530 f   yassl:ssl.obj
 0001:0002b540       _yaX509_NAME_get_entry     0042c540 f   yassl:ssl.obj
 0001:0002b550       _yaASN1_STRING_to_UTF8     0042c550 f   yassl:ssl.obj
 0001:0002b5a0       _yaX509_get_ext_d2i        0042c5a0 f   yassl:ssl.obj
 0001:0002b5b0       _yaMD4_Init                0042c5b0 f   yassl:ssl.obj
 0001:0002b5e0       _yaMD4_Update              0042c5e0 f   yassl:ssl.obj
 0001:0002b600       _yaMD4_Final               0042c600 f   yassl:ssl.obj
 0001:0002b610       _yaMD5_Init                0042c610 f   yassl:ssl.obj
 0001:0002b640       _yaMD5_Update              0042c640 f   yassl:ssl.obj
 0001:0002b660       _yaMD5_Final               0042c660 f   yassl:ssl.obj
 0001:0002b670       _yaRAND_bytes              0042c670 f   yassl:ssl.obj
 0001:0002b6c0       _yaSSL_peek                0042c6c0 f   yassl:ssl.obj
 0001:0002b700       _yaSSL_pending             0042c700 f   yassl:ssl.obj
 0001:0002b740       _yaSSL_CTX_set_default_passwd_cb 0042c740 f   yassl:ssl.obj
 0001:0002b750       _yaSSLeay_add_ssl_algorithms 0042c750 f   yassl:ssl.obj
 0001:0002b760       _yaERR_remove_state        0042c760 f   yassl:ssl.obj
 0001:0002b770       _yaERR_GET_REASON          0042c770 f   yassl:ssl.obj
 0001:0002b780       _err_helper                0042c780 f   yassl:ssl.obj
 0001:0002b7b0       _yaERR_peek_error          0042c7b0 f   yassl:ssl.obj
 0001:0002b7e0       _yaERR_get_error           0042c7e0 f   yassl:ssl.obj
 0001:0002b810       _yaRAND_screen             0042c810 f   yassl:ssl.obj
 0001:0002b820       _yaRAND_file_name          0042c820 f   yassl:ssl.obj
 0001:0002b830       _yaRAND_write_file         0042c830 f   yassl:ssl.obj
 0001:0002b840       _yaRAND_load_file          0042c840 f   yassl:ssl.obj
 0001:0002b850       _yaRSA_free                0042c850 f   yassl:ssl.obj
 0001:0002b860       _yaRSA_generate_key        0042c860 f   yassl:ssl.obj
 0001:0002b870       _yaX509_LOOKUP_add_dir     0042c870 f   yassl:ssl.obj
 0001:0002b880       _yaX509_LOOKUP_load_file   0042c880 f   yassl:ssl.obj
 0001:0002b890       _yaX509_LOOKUP_hash_dir    0042c890 f   yassl:ssl.obj
 0001:0002b8a0       _yaX509_LOOKUP_file        0042c8a0 f   yassl:ssl.obj
 0001:0002b8b0       _yaX509_STORE_add_lookup   0042c8b0 f   yassl:ssl.obj
 0001:0002b8c0       _yaX509_STORE_get_by_subject 0042c8c0 f   yassl:ssl.obj
 0001:0002b8d0       _yaX509_STORE_new          0042c8d0 f   yassl:ssl.obj
 0001:0002b8e0       _yaSSL_alert_type_string_long 0042c8e0 f   yassl:ssl.obj
 0001:0002b8f0       _yaSSL_alert_desc_string_long 0042c8f0 f   yassl:ssl.obj
 0001:0002b900       _yaSSL_state_string_long   0042c900 f   yassl:ssl.obj
 0001:0002b910       _yaSSL_CTX_set_tmp_rsa_callback 0042c910 f   yassl:ssl.obj
 0001:0002b920       _yaSSL_CTX_set_timeout     0042c920 f   yassl:ssl.obj
 0001:0002b930       _yaSSL_CTX_use_certificate_chain_file 0042c930 f   yassl:ssl.obj
 0001:0002b940       _yaSSL_CTX_use_RSAPrivateKey_file 0042c940 f   yassl:ssl.obj
 0001:0002b950       _yaSSL_set_rfd             0042c950 f   yassl:ssl.obj
 0001:0002b960       _yaSSL_set_wfd             0042c960 f   yassl:ssl.obj
 0001:0002b970       _yaSSL_want_read           0042c970 f   yassl:ssl.obj
 0001:0002b980       _yaSSL_want_write          0042c980 f   yassl:ssl.obj
 0001:0002b990       _yaSSL_set_shutdown        0042c990 f   yassl:ssl.obj
 0001:0002b9a0       _yaSSL_get_current_cipher  0042c9a0 f   yassl:ssl.obj
 0001:0002b9b0       _yaSSL_CIPHER_description  0042c9b0 f   yassl:ssl.obj
 0001:0002b9c0       ?size@?$Block@EV?$AllocatorWithCleanup@E@TaoCrypt@@@TaoCrypt@@QBEIXZ 0042c9c0 f i yassl:ssl.obj
 0001:0002b9d0       ?get_buffer@?$Block@EV?$AllocatorWithCleanup@E@TaoCrypt@@@TaoCrypt@@QBEPAEXZ 0042c9d0 f i yassl:ssl.obj
 0001:0002b9e0       ??0?$auto_ptr@UBulkCipher@yaSSL@@@mySTL@@QAE@PAUBulkCipher@yaSSL@@@Z 0042c9e0 f i yassl:ssl.obj
 0001:0002b9f0       ??C?$auto_ptr@UBulkCipher@yaSSL@@@mySTL@@QBEPAUBulkCipher@yaSSL@@XZ 0042c9f0 f i yassl:ssl.obj
 0001:0002ba00       ??0?$auto_ptr@Vx509@yaSSL@@@mySTL@@QAE@PAVx509@yaSSL@@@Z 0042ca00 f i yassl:ssl.obj
 0001:0002ba10       ??C?$auto_ptr@Vx509@yaSSL@@@mySTL@@QBEPAVx509@yaSSL@@XZ 0042ca10 f i yassl:ssl.obj
 0001:0002ba20       ?release@?$auto_ptr@Vx509@yaSSL@@@mySTL@@QAEPAVx509@yaSSL@@XZ 0042ca20 f i yassl:ssl.obj
 0001:0002ba30       ??0?$auto_ptr@UBIGNUM@yaSSL@@@mySTL@@QAE@PAUBIGNUM@yaSSL@@@Z 0042ca30 f i yassl:ssl.obj
 0001:0002ba40       ?get@?$auto_ptr@UBIGNUM@yaSSL@@@mySTL@@QBEPAUBIGNUM@yaSSL@@XZ 0042ca40 f i yassl:ssl.obj
 0001:0002ba50       ?release@?$auto_ptr@UBIGNUM@yaSSL@@@mySTL@@QAEPAUBIGNUM@yaSSL@@XZ 0042ca50 f i yassl:ssl.obj
 0001:0002ba60       ?CheckSize@?$AllocatorBase@E@TaoCrypt@@KAXI@Z 0042ca60 f i yassl:ssl.obj
 0001:0002ba70       ??$tcArrayDelete@E@TaoCrypt@@YAXPAE@Z 0042ca70 f i yassl:ssl.obj
 0001:0002ba80       ??$ysDelete@UDH@yaSSL@@@yaSSL@@YAXPAUDH@0@@Z 0042ca80 f i yassl:ssl.obj
 0001:0002ba90       ??$swap@V?$AllocatorWithCleanup@E@TaoCrypt@@@mySTL@@YAXAAV?$AllocatorWithCleanup@E@TaoCrypt@@0@Z 0042ca90 f i yassl:ssl.obj
 0001:0002baa0       ??$ysDelete@UBulkCipher@yaSSL@@@yaSSL@@YAXPAUBulkCipher@0@@Z 0042caa0 f i yassl:ssl.obj
 0001:0002bab0       ??_Gx509@yaSSL@@QAEPAXI@Z  0042cab0 f i yassl:ssl.obj
 0001:0002bad0       ??_GSSL_CTX@yaSSL@@QAEPAXI@Z 0042cad0 f i yassl:ssl.obj
 0001:0002baf0       ??1BIGNUM@yaSSL@@QAE@XZ    0042caf0 f i yassl:ssl.obj
 0001:0002bb00       ??1Security@yaSSL@@QAE@XZ  0042cb00 f i yassl:ssl.obj
 0001:0002bb20       ??1sslHashes@yaSSL@@QAE@XZ 0042cb20 f i yassl:ssl.obj
 0001:0002bb40       ??_GMD5@TaoCrypt@@UAEPAXI@Z 0042cb40 f i yassl:ssl.obj
 0001:0002bb40       ??_EMD5@TaoCrypt@@UAEPAXI@Z 0042cb40 f i yassl:ssl.obj
 0001:0002bb60       ??_GMD4@TaoCrypt@@UAEPAXI@Z 0042cb60 f i yassl:ssl.obj
 0001:0002bb60       ??_EMD4@TaoCrypt@@UAEPAXI@Z 0042cb60 f i yassl:ssl.obj
 0001:0002bb80       ?size@Source@TaoCrypt@@QBEIXZ 0042cb80 f i yassl:ssl.obj
 0001:0002bb90       ?get_buffer@Source@TaoCrypt@@QBEPBEXZ 0042cb90 f i yassl:ssl.obj
 0001:0002bba0       _yaSSLv3_method            0042cba0 f   yassl:ssl.obj
 0001:0002bbe0       _yaSSL_read                0042cbe0 f   yassl:ssl.obj
 0001:0002bc20       _yaSSL_get_cipher_name     0042cc20 f   yassl:ssl.obj
 0001:0002bc40       ?allocate@?$AllocatorWithCleanup@E@TaoCrypt@@QAEPAEIPBX@Z 0042cc40 f i yassl:ssl.obj
 0001:0002bc60       ?deallocate@?$AllocatorWithCleanup@E@TaoCrypt@@QAEXPAXI@Z 0042cc60 f i yassl:ssl.obj
 0001:0002bc90       ?Destroy@?$auto_ptr@UBulkCipher@yaSSL@@@mySTL@@AAEXXZ 0042cc90 f i yassl:ssl.obj
 0001:0002bca0       ??$ysDelete@Vx509@yaSSL@@@yaSSL@@YAXPAVx509@0@@Z 0042cca0 f i yassl:ssl.obj
 0001:0002bcc0       ??$ysDelete@VSSL_CTX@yaSSL@@@yaSSL@@YAXPAVSSL_CTX@0@@Z 0042ccc0 f i yassl:ssl.obj
 0001:0002bce0       ??$StdReallocate@EV?$AllocatorWithCleanup@E@TaoCrypt@@@TaoCrypt@@YAPAEAAV?$AllocatorWithCleanup@E@0@PAEII_N@Z 0042cce0 f i yassl:ssl.obj
 0001:0002bd90       ??_GBIGNUM@yaSSL@@QAEPAXI@Z 0042cd90 f i yassl:ssl.obj
 0001:0002bdb0       ??1SSL@yaSSL@@QAE@XZ       0042cdb0 f i yassl:ssl.obj
 0001:0002be10       _yaSSL_CTX_free            0042ce10 f   yassl:ssl.obj
 0001:0002be30       ??0?$Block@EV?$AllocatorWithCleanup@E@TaoCrypt@@@TaoCrypt@@QAE@PBEI@Z 0042ce30 f i yassl:ssl.obj
 0001:0002be70       ??1?$Block@EV?$AllocatorWithCleanup@E@TaoCrypt@@@TaoCrypt@@QAE@XZ 0042ce70 f i yassl:ssl.obj
 0001:0002bea0       ??1?$auto_ptr@UBulkCipher@yaSSL@@@mySTL@@QAE@XZ 0042cea0 f i yassl:ssl.obj
 0001:0002beb0       ?reset@?$auto_ptr@UBulkCipher@yaSSL@@@mySTL@@QAEXPAUBulkCipher@yaSSL@@@Z 0042ceb0 f i yassl:ssl.obj
 0001:0002bed0       ?reallocate@?$AllocatorWithCleanup@E@TaoCrypt@@QAEPAEPAEII_N@Z 0042ced0 f i yassl:ssl.obj
 0001:0002bef0       ?Destroy@?$auto_ptr@Vx509@yaSSL@@@mySTL@@AAEXXZ 0042cef0 f i yassl:ssl.obj
 0001:0002bf10       ?New@?$Block@EV?$AllocatorWithCleanup@E@TaoCrypt@@@TaoCrypt@@QAEXI@Z 0042cf10 f i yassl:ssl.obj
 0001:0002bf70       ??$ysDelete@UBIGNUM@yaSSL@@@yaSSL@@YAXPAUBIGNUM@0@@Z 0042cf70 f i yassl:ssl.obj
 0001:0002bf90       ??_GSSL@yaSSL@@QAEPAXI@Z   0042cf90 f i yassl:ssl.obj
 0001:0002bfb0       ??0Source@TaoCrypt@@QAE@PBEI@Z 0042cfb0 f i yassl:ssl.obj
 0001:0002c000       ??1Source@TaoCrypt@@QAE@XZ 0042d000 f i yassl:ssl.obj
 0001:0002c030       ??1HexDecoder@TaoCrypt@@QAE@XZ 0042d030 f i yassl:ssl.obj
 0001:0002c060       _yaDH_free                 0042d060 f   yassl:ssl.obj
 0001:0002c0a0       ??1?$auto_ptr@Vx509@yaSSL@@@mySTL@@QAE@XZ 0042d0a0 f i yassl:ssl.obj
 0001:0002c0c0       ?CleanNew@?$Block@EV?$AllocatorWithCleanup@E@TaoCrypt@@@TaoCrypt@@QAEXI@Z 0042d0c0 f i yassl:ssl.obj
 0001:0002c0f0       ?Destroy@?$auto_ptr@UBIGNUM@yaSSL@@@mySTL@@AAEXXZ 0042d0f0 f i yassl:ssl.obj
 0001:0002c110       ??$ysDelete@VSSL@yaSSL@@@yaSSL@@YAXPAVSSL@0@@Z 0042d110 f i yassl:ssl.obj
 0001:0002c130       _yaSSL_free                0042d130 f   yassl:ssl.obj
 0001:0002c150       ??0?$Block@EV?$AllocatorWithCleanup@E@TaoCrypt@@@TaoCrypt@@QAE@I@Z 0042d150 f i yassl:ssl.obj
 0001:0002c190       ??1?$auto_ptr@UBIGNUM@yaSSL@@@mySTL@@QAE@XZ 0042d190 f i yassl:ssl.obj
 0001:0002c1b0       ?reset@?$auto_ptr@UBIGNUM@yaSSL@@@mySTL@@QAEXPAUBIGNUM@yaSSL@@@Z 0042d1b0 f i yassl:ssl.obj
 0001:0002c1e0       ??0HexDecoder@TaoCrypt@@QAE@AAVSource@1@@Z 0042d1e0 f i yassl:ssl.obj
 0001:0002c230       ?read_file@yaSSL@@YAHPAVSSL_CTX@1@PBDHW4CertType@1@@Z 0042d230 f   yassl:ssl.obj
 0001:0002c6b0       _yaSSL_CTX_use_certificate_file 0042d6b0 f   yassl:ssl.obj
 0001:0002c6d0       _yaSSL_CTX_use_PrivateKey_file 0042d6d0 f   yassl:ssl.obj
 0001:0002c6f0       _yaSSL_CTX_load_verify_locations 0042d6f0 f   yassl:ssl.obj
 0001:0002c830       _yaBN_bin2bn               0042d830 f   yassl:ssl.obj
 0001:0002c8a0       ??0Lock@Mutex@yaSSL@@QAE@AAV12@@Z 0042d8a0 f i yassl:yassl_int.obj
 0001:0002c8b0       ??0Ciphers@yaSSL@@QAE@XZ   0042d8b0 f i yassl:yassl_int.obj
 0001:0002c8c0       ??0DH_Parms@yaSSL@@QAE@XZ  0042d8c0 f i yassl:yassl_int.obj
 0001:0002c8e0       ??0Stats@yaSSL@@QAE@XZ     0042d8e0 f i yassl:yassl_int.obj
 0001:0002c920       ?c32to24@yaSSL@@YAXIAAY02E@Z 0042d920 f   yassl:yassl_int.obj
 0001:0002c940       ?c24to32@yaSSL@@YAXQBEAAI@Z 0042d940 f   yassl:yassl_int.obj
 0001:0002c970       ?c24to32@yaSSL@@YAIQBE@Z   0042d970 f   yassl:yassl_int.obj
 0001:0002c990       ?ato16@yaSSL@@YAXPBEAAG@Z  0042d990 f   yassl:yassl_int.obj
 0001:0002c9b0       ?ato24@yaSSL@@YAXPBEAAY02E@Z 0042d9b0 f   yassl:yassl_int.obj
 0001:0002c9d0       ?c16toa@yaSSL@@YAXGPAE@Z   0042d9d0 f   yassl:yassl_int.obj
 0001:0002c9e0       ?c24toa@yaSSL@@YAXQBEPAE@Z 0042d9e0 f   yassl:yassl_int.obj
 0001:0002ca00       ?c32toa@yaSSL@@YAXIPAE@Z   0042da00 f   yassl:yassl_int.obj
 0001:0002ca30       ??0States@yaSSL@@QAE@XZ    0042da30 f   yassl:yassl_int.obj
 0001:0002ca60       ?getRecord@States@yaSSL@@QBEABW4RecordLayerState@2@XZ 0042da60 f   yassl:yassl_int.obj
 0001:0002ca70       ?getHandShake@States@yaSSL@@QBEABW4HandShakeState@2@XZ 0042da70 f   yassl:yassl_int.obj
 0001:0002ca80       ?getClient@States@yaSSL@@QBEABW4ClientState@2@XZ 0042da80 f   yassl:yassl_int.obj
 0001:0002ca90       ?getServer@States@yaSSL@@QBEABW4ServerState@2@XZ 0042da90 f   yassl:yassl_int.obj
 0001:0002caa0       ?GetConnect@States@yaSSL@@QBEABW4ConnectState@2@XZ 0042daa0 f   yassl:yassl_int.obj
 0001:0002cab0       ?GetAccept@States@yaSSL@@QBEABW4AcceptState@2@XZ 0042dab0 f   yassl:yassl_int.obj
 0001:0002cac0       ?getString@States@yaSSL@@QBEPBDXZ 0042dac0 f   yassl:yassl_int.obj
 0001:0002cad0       ?What@States@yaSSL@@QBE?AW4YasslError@2@XZ 0042dad0 f   yassl:yassl_int.obj
 0001:0002cae0       ?useRecord@States@yaSSL@@QAEAAW4RecordLayerState@2@XZ 0042dae0 f   yassl:yassl_int.obj
 0001:0002caf0       ?useHandShake@States@yaSSL@@QAEAAW4HandShakeState@2@XZ 0042daf0 f   yassl:yassl_int.obj
 0001:0002cb00       ?useClient@States@yaSSL@@QAEAAW4ClientState@2@XZ 0042db00 f   yassl:yassl_int.obj
 0001:0002cb10       ?useServer@States@yaSSL@@QAEAAW4ServerState@2@XZ 0042db10 f   yassl:yassl_int.obj
 0001:0002cb20       ?UseConnect@States@yaSSL@@QAEAAW4ConnectState@2@XZ 0042db20 f   yassl:yassl_int.obj
 0001:0002cb30       ?UseAccept@States@yaSSL@@QAEAAW4AcceptState@2@XZ 0042db30 f   yassl:yassl_int.obj
 0001:0002cb40       ?useString@States@yaSSL@@QAEPADXZ 0042db40 f   yassl:yassl_int.obj
 0001:0002cb50       ?SetError@States@yaSSL@@QAEXW4YasslError@2@@Z 0042db50 f   yassl:yassl_int.obj
 0001:0002cb60       ?getMessage@sslFactory@yaSSL@@QBEABV?$Factory@UMessage@yaSSL@@HP6APAU12@XZ@2@XZ 0042db60 f   yassl:yassl_int.obj
 0001:0002cb70       ?getHandShake@sslFactory@yaSSL@@QBEABV?$Factory@VHandShakeBase@yaSSL@@HP6APAV12@XZ@2@XZ 0042db70 f   yassl:yassl_int.obj
 0001:0002cb80       ?getServerKey@sslFactory@yaSSL@@QBEABV?$Factory@UServerKeyBase@yaSSL@@HP6APAU12@XZ@2@XZ 0042db80 f   yassl:yassl_int.obj
 0001:0002cb90       ?getClientKey@sslFactory@yaSSL@@QBEABV?$Factory@UClientKeyBase@yaSSL@@HP6APAU12@XZ@2@XZ 0042db90 f   yassl:yassl_int.obj
 0001:0002cba0       ?SetCompression@SSL@yaSSL@@QAEHXZ 0042dba0 f   yassl:yassl_int.obj
 0001:0002cbb0       ?SetError@SSL@yaSSL@@QAEXW4YasslError@2@@Z 0042dbb0 f   yassl:yassl_int.obj
 0001:0002cbc0       ?useBuffers@SSL@yaSSL@@QAEAAVBuffers@2@XZ 0042dbc0 f   yassl:yassl_int.obj
 0001:0002cc80       ?order_error@SSL@yaSSL@@QAEXXZ 0042dc80 f   yassl:yassl_int.obj
 0001:0002cc90       ??0SumData@yassl_int_cpp_local1@yaSSL@@QAE@XZ 0042dc90 f i yassl:yassl_int.obj
 0001:0002cca0       ??RSumData@yassl_int_cpp_local1@yaSSL@@QAEXPAVinput_buffer@2@@Z 0042dca0 f i yassl:yassl_int.obj
 0001:0002ccc0       ??0SumBuffer@yassl_int_cpp_local1@yaSSL@@QAE@XZ 0042dcc0 f i yassl:yassl_int.obj
 0001:0002ccd0       ??RSumBuffer@yassl_int_cpp_local1@yaSSL@@QAEXPAVoutput_buffer@2@@Z 0042dcd0 f i yassl:yassl_int.obj
 0001:0002ccf0       ?Send@SSL@yaSSL@@QAEXPBEI@Z 0042dcf0 f   yassl:yassl_int.obj
 0001:0002cd20       ?getCrypto@SSL@yaSSL@@QBEABVCrypto@2@XZ 0042dd20 f   yassl:yassl_int.obj
 0001:0002cd30       ?getSecurity@SSL@yaSSL@@QBEABVSecurity@2@XZ 0042dd30 f   yassl:yassl_int.obj
 0001:0002cd40       ?getStates@SSL@yaSSL@@QBEABVStates@2@XZ 0042dd40 f   yassl:yassl_int.obj
 0001:0002cd50       ?getHashes@SSL@yaSSL@@QBEABVsslHashes@2@XZ 0042dd50 f   yassl:yassl_int.obj
 0001:0002cd60       ?getSocket@SSL@yaSSL@@QBEABVSocket@2@XZ 0042dd60 f   yassl:yassl_int.obj
 0001:0002cd70       ?GetError@SSL@yaSSL@@QBE?AW4YasslError@2@XZ 0042dd70 f   yassl:yassl_int.obj
 0001:0002cd80       ?useCrypto@SSL@yaSSL@@QAEAAVCrypto@2@XZ 0042dd80 f   yassl:yassl_int.obj
 0001:0002cd90       ?useSecurity@SSL@yaSSL@@QAEAAVSecurity@2@XZ 0042dd90 f   yassl:yassl_int.obj
 0001:0002cda0       ?useStates@SSL@yaSSL@@QAEAAVStates@2@XZ 0042dda0 f   yassl:yassl_int.obj
 0001:0002cdb0       ?useHashes@SSL@yaSSL@@QAEAAVsslHashes@2@XZ 0042ddb0 f   yassl:yassl_int.obj
 0001:0002cdc0       ?useSocket@SSL@yaSSL@@QAEAAVSocket@2@XZ 0042ddc0 f   yassl:yassl_int.obj
 0001:0002cdd0       ?useLog@SSL@yaSSL@@QAEAAVLog@2@XZ 0042ddd0 f   yassl:yassl_int.obj
 0001:0002cde0       ?HasData@SSL@yaSSL@@QBE_NXZ 0042dde0 f   yassl:yassl_int.obj
 0001:0002cdf0       ??0SSL_SESSION@yaSSL@@QAE@AAVRandomPool@1@@Z 0042ddf0 f   yassl:yassl_int.obj
 0001:0002ce40       ?GetID@SSL_SESSION@yaSSL@@QBEPBEXZ 0042de40 f   yassl:yassl_int.obj
 0001:0002ce50       ?GetSecret@SSL_SESSION@yaSSL@@QBEPBEXZ 0042de50 f   yassl:yassl_int.obj
 0001:0002ce60       ?GetSuite@SSL_SESSION@yaSSL@@QBEPBEXZ 0042de60 f   yassl:yassl_int.obj
 0001:0002ce70       ?GetPeerX509@SSL_SESSION@yaSSL@@QBEPAVX509@2@XZ 0042de70 f   yassl:yassl_int.obj
 0001:0002ce80       ?GetBornOn@SSL_SESSION@yaSSL@@QBEIXZ 0042de80 f   yassl:yassl_int.obj
 0001:0002ce90       ?GetTimeOut@SSL_SESSION@yaSSL@@QBEIXZ 0042de90 f   yassl:yassl_int.obj
 0001:0002cea0       ?SetTimeOut@SSL_SESSION@yaSSL@@QAEXI@Z 0042dea0 f   yassl:yassl_int.obj
 0001:0002ceb0       ??0sess_match@yassl_int_cpp_local2@yaSSL@@QAE@PBE@Z 0042deb0 f i yassl:yassl_int.obj
 0001:0002cec0       ??Rsess_match@yassl_int_cpp_local2@yaSSL@@QAE_NPAVSSL_SESSION@2@@Z 0042dec0 f i yassl:yassl_int.obj
 0001:0002cee0       ?GetSelf@yassl_int_cpp_local2@yaSSL@@YAKXZ 0042dee0 f   yassl:yassl_int.obj
[...]
 0003:00130db8       _gpFlsAlloc                005e6db8     LIBCMT:tidtable.obj
 0003:00130dbc       _gpFlsGetValue             005e6dbc     LIBCMT:tidtable.obj
 0003:00130dc0       _gpFlsSetValue             005e6dc0     LIBCMT:tidtable.obj
 0003:00130dc4       _gpFlsFree                 005e6dc4     LIBCMT:tidtable.obj
 0003:00130dcc       __stdbuf                   005e6dcc     LIBCMT:_sftbuf.obj
 0003:00130dd4       __adbgmsg                  005e6dd4     LIBCMT:crt0msg.obj
 0003:00130ee4       ?_pnhHeap@@3P6AHI@ZA       005e6ee4     LIBCMT:handler.obj
 0003:00130ee8       __newmode                  005e6ee8     LIBCMT:_newmode.obj
 0003:00130ef0       ___lc_handle               005e6ef0     LIBCMT:nlsdata2.obj
 0003:00130f08       ___lc_codepage             005e6f08     LIBCMT:nlsdata2.obj
 0003:00130f0c       ___lc_collate_cp           005e6f0c     LIBCMT:nlsdata2.obj
 0003:00130f10       ___lconv_static_null       005e6f10     LIBCMT:lconv.obj
 0003:00130f14       ___lc_time_intl            005e6f14     LIBCMT:inittime.obj
 0003:00130f18       ___lconv_intl              005e6f18     LIBCMT:initmon.obj
 0003:00130f44       ___lc_id                   005e6f44     LIBCMT:nlsdata3.obj
 0003:00130fcc       __commode                  005e6fcc     LIBCMT:ncommode.obj
 0003:00130fd0       __fmode                    005e6fd0     LIBCMT:txtmode.obj
 0003:00130ff0       _thr_client_alarm          005e6ff0     <common>
 0003:00131000       _errbuff                   005e7000     <common>
 0003:00131270       _my_signals                005e7270     <common>
 0003:00131280       _default_directories       005e7280     <common>
 0003:001312c0       _all_charsets              005e72c0     <common>
 0003:001317a0       _THR_LOCK_threads          005e77a0     <common>
 0003:00131800       _LOCK_gethostbyname_r      005e7800     <common>
 0003:00131820       _THR_COND_threads          005e7820     <common>
 0003:00131860       _THR_LOCK_malloc           005e7860     <common>
 0003:00131880       _THR_LOCK_isam             005e7880     <common>
 0003:001318a0       _THR_LOCK_myisam           005e78a0     <common>
 0003:001318c0       _THR_LOCK_heap             005e78c0     <common>
 0003:001318e0       _THR_LOCK_open             005e78e0     <common>
 0003:00131900       _THR_LOCK_charset          005e7900     <common>
 0003:00131920       _THR_LOCK_lock             005e7920     <common>
 0003:00131938       _THR_KEY_mysys             005e7938     <common>
 0003:00131940       _LOCK_localtime_r          005e7940     <common>
 0003:00131960       _THR_LOCK_net              005e7960     <common>
 0003:00131978       ___mblcid                  005e7978     <common>
 0003:001319f0       ___ptmbcinfo               005e79f0     <common>
 0003:001319f4       ___ismbcodepage            005e79f4     <common>
 0003:00131a00       __mbctype                  005e7a00     <common>
 0003:00131b04       ___mbcodepage              005e7b04     <common>
 0003:00131b10       ___mbulinfo                005e7b10     <common>
 0003:00131b20       __mbcasemap                005e7b20     <common>
 0003:00131c20       ___ctype1                  005e7c20     <common>
 0003:00131c30       ___ctype1_refcount         005e7c30     <common>
 0003:00131c34       ___lconv_mon_refcount      005e7c34     <common>
 0003:00131c44       ___lconv_intl_refcount     005e7c44     <common>
 0003:00131c48       ___lconv_num_refcount      005e7c48     <common>
 0003:00131c54       ___sbh_initialized         005e7c54     <common>
 0003:00131c68       ___sbh_pHeaderDefer        005e7c68     <common>
 0003:00131c6c       ___sbh_cntHeaderList       005e7c6c     <common>
 0003:00131c70       ___sbh_pHeaderList         005e7c70     <common>
 0003:00131c74       ___sbh_threshold           005e7c74     <common>
 0003:00131c78       ___sbh_pHeaderScan         005e7c78     <common>
 0003:00131c7c       ___sbh_sizeHeaderList      005e7c7c     <common>
 0003:00131c80       ___sbh_indGroupDefer       005e7c80     <common>
 0003:00131c84       __crtheap                  005e7c84     <common>
 0003:00131c94       ___active_heap             005e7c94     <common>
 0003:00131c98       ___use_sse2_mathfcns       005e7c98     <common>
 0003:00131ca8       ___sse2_available          005e7ca8     <common>
 0003:00131cac       __nhandle                  005e7cac     <common>
 0003:00131d00       ___pioinfo                 005e7d00     <common>
 0003:00131e00       ___setlc_active            005e7e00     <common>
 0003:00131e10       ___unguarded_readlc_active 005e7e10     <common>
 0003:00131e14       __acmdln                   005e7e14     <common>
 0003:00131e20       ___env_initialized         005e7e20     <common>
 0003:00131e30       ___onexitend               005e7e30     <common>
 0003:00131e34       ___onexitbegin             005e7e34     <common>
 0003:00131e38       ___mbctype_initialized     005e7e38     <common>
 0003:00131e3c       ___piob                    005e7e3c     <common>
 0003:00132180       __bufin                    005e8180     <common>
 0003:00133180       __nstream                  005e9180     <common>
 0004:00000000       __IMPORT_DESCRIPTOR_KERNEL32 005ea000     kernel32:KERNEL32.dll
 0004:00000014       __IMPORT_DESCRIPTOR_ADVAPI32 005ea014     advapi32:ADVAPI32.dll
 0004:00000028       __IMPORT_DESCRIPTOR_WSOCK32 005ea028     wsock32:WSOCK32.dll
 0004:0000003c       __IMPORT_DESCRIPTOR_USER32 005ea03c     user32:USER32.dll
 0004:00000050       __NULL_IMPORT_DESCRIPTOR   005ea050     kernel32:KERNEL32.dll
 0004:00000430       __imp__RegCloseKey@4       005ea430     advapi32:ADVAPI32.dll
 0004:00000434       __imp__RegOpenKeyExA@20    005ea434     advapi32:ADVAPI32.dll
 0004:00000438       __imp__CryptAcquireContextA@20 005ea438     advapi32:ADVAPI32.dll
 0004:0000043c       __imp__CryptReleaseContext@8 005ea43c     advapi32:ADVAPI32.dll
 0004:00000440       __imp__CryptGenRandom@12   005ea440     advapi32:ADVAPI32.dll
 0004:00000444       __imp__StartServiceCtrlDispatcherA@4 005ea444     advapi32:ADVAPI32.dll
 0004:00000448       __imp__RegisterServiceCtrlHandlerA@8 005ea448     advapi32:ADVAPI32.dll
 0004:0000044c       __imp__DeleteService@4     005ea44c     advapi32:ADVAPI32.dll
 0004:00000450       __imp__CreateServiceA@52   005ea450     advapi32:ADVAPI32.dll
 0004:00000454       __imp__SetServiceStatus@8  005ea454     advapi32:ADVAPI32.dll
 0004:00000458       __imp__OpenSCManagerA@12   005ea458     advapi32:ADVAPI32.dll
 0004:0000045c       __imp__OpenServiceA@12     005ea45c     advapi32:ADVAPI32.dll
 0004:00000460       __imp__CloseServiceHandle@4 005ea460     advapi32:ADVAPI32.dll
 0004:00000464       __imp__RegEnumValueA@32    005ea464     advapi32:ADVAPI32.dll
 0004:00000468       \177ADVAPI32_NULL_THUNK_DATA 005ea468     advapi32:ADVAPI32.dll
 0004:0000049c       __imp__GetModuleHandleA@4  005ea49c     kernel32:KERNEL32.dll
 0004:000004a0       __imp__TerminateProcess@8  005ea4a0     kernel32:KERNEL32.dll
 0004:000004a4       __imp__OpenProcess@12      005ea4a4     kernel32:KERNEL32.dll
 0004:000004a8       __imp__Sleep@4             005ea4a8     kernel32:KERNEL32.dll
 0004:000004ac       __imp__GetCurrentThreadId@0 005ea4ac     kernel32:KERNEL32.dll
 0004:000004b0       __imp__GetModuleFileNameA@12 005ea4b0     kernel32:KERNEL32.dll
 0004:000004b4       __imp__SetNamedPipeHandleState@16 005ea4b4     kernel32:KERNEL32.dll
 0004:000004b8       __imp__GetCurrentProcess@0 005ea4b8     kernel32:KERNEL32.dll
 0004:000004bc       __imp__CreateFileA@28      005ea4bc     kernel32:KERNEL32.dll
 0004:000004c0       __imp__DuplicateHandle@28  005ea4c0     kernel32:KERNEL32.dll
 0004:000004c4       __imp__GetProcAddress@8    005ea4c4     kernel32:KERNEL32.dll
 0004:000004c8       __imp__CreateRemoteThread@28 005ea4c8     kernel32:KERNEL32.dll
 0004:000004cc       __imp__GetLastError@0      005ea4cc     kernel32:KERNEL32.dll
 0004:000004d0       __imp__SetLastError@4      005ea4d0     kernel32:KERNEL32.dll
 0004:000004d4       __imp__CreateProcessA@40   005ea4d4     kernel32:KERNEL32.dll
 0004:000004d8       __imp__WaitForSingleObject@8 005ea4d8     kernel32:KERNEL32.dll
 0004:000004dc       __imp__GetExitCodeProcess@8 005ea4dc     kernel32:KERNEL32.dll
 0004:000004e0       __imp__CloseHandle@4       005ea4e0     kernel32:KERNEL32.dll
 0004:000004e4       __imp__SetCurrentDirectoryA@4 005ea4e4     kernel32:KERNEL32.dll
 0004:000004e8       __imp__GetFullPathNameA@16 005ea4e8     kernel32:KERNEL32.dll
 0004:000004ec       __imp__GetCurrentDirectoryA@8 005ea4ec     kernel32:KERNEL32.dll
 0004:000004f0       __imp__PeekNamedPipe@24    005ea4f0     kernel32:KERNEL32.dll
 0004:000004f4       __imp__GetFileInformationByHandle@8 005ea4f4     kernel32:KERNEL32.dll
 0004:000004f8       __imp__GetDriveTypeA@4     005ea4f8     kernel32:KERNEL32.dll
 0004:000004fc       __imp__GetSystemTimeAsFileTime@4 005ea4fc     kernel32:KERNEL32.dll
 0004:00000500       __imp__EnterCriticalSection@4 005ea500     kernel32:KERNEL32.dll
 0004:00000504       __imp__LeaveCriticalSection@4 005ea504     kernel32:KERNEL32.dll
 0004:00000508       __imp__DeleteCriticalSection@4 005ea508     kernel32:KERNEL32.dll
 0004:0000050c       __imp__WaitNamedPipeA@8    005ea50c     kernel32:KERNEL32.dll
 0004:00000510       __imp__InitializeCriticalSection@4 005ea510     kernel32:KERNEL32.dll
 0004:00000514       __imp__GetLocaleInfoW@16   005ea514     kernel32:KERNEL32.dll
 0004:00000518       __imp__LCMapStringW@24     005ea518     kernel32:KERNEL32.dll
 0004:0000051c       __imp__LCMapStringA@24     005ea51c     kernel32:KERNEL32.dll
 0004:00000520       __imp__SetEnvironmentVariableA@8 005ea520     kernel32:KERNEL32.dll
 0004:00000524       __imp__CompareStringW@24   005ea524     kernel32:KERNEL32.dll
 0004:00000528       __imp__CompareStringA@24   005ea528     kernel32:KERNEL32.dll
 0004:0000052c       __imp__RaiseException@16   005ea52c     kernel32:KERNEL32.dll
 0004:00000530       __imp__GetOEMCP@0          005ea530     kernel32:KERNEL32.dll
 0004:00000534       __imp__GetACP@0            005ea534     kernel32:KERNEL32.dll
 0004:00000538       __imp__LoadLibraryA@4      005ea538     kernel32:KERNEL32.dll
 0004:0000053c       __imp__HeapSize@12         005ea53c     kernel32:KERNEL32.dll
 0004:00000540       __imp__InterlockedExchange@8 005ea540     kernel32:KERNEL32.dll
 0004:00000544       __imp__FlushFileBuffers@4  005ea544     kernel32:KERNEL32.dll
 0004:00000548       __imp__CreateEventA@16     005ea548     kernel32:KERNEL32.dll
 0004:0000054c       __imp__SetEvent@4          005ea54c     kernel32:KERNEL32.dll
 0004:00000550       __imp__ResetEvent@4        005ea550     kernel32:KERNEL32.dll
 0004:00000554       __imp__WaitForMultipleObjects@16 005ea554     kernel32:KERNEL32.dll
 0004:00000558       __imp__TlsFree@4           005ea558     kernel32:KERNEL32.dll
 0004:0000055c       __imp__TlsSetValue@8       005ea55c     kernel32:KERNEL32.dll
 0004:00000560       __imp__TlsGetValue@4       005ea560     kernel32:KERNEL32.dll
 0004:00000564       __imp__TlsAlloc@0          005ea564     kernel32:KERNEL32.dll
 0004:00000568       __imp__SetThreadPriority@8 005ea568     kernel32:KERNEL32.dll
 0004:0000056c       __imp__GetLocaleInfoA@16   005ea56c     kernel32:KERNEL32.dll
 0004:00000570       __imp__GetSystemDirectoryA@8 005ea570     kernel32:KERNEL32.dll
 0004:00000574       __imp__GetWindowsDirectoryA@8 005ea574     kernel32:KERNEL32.dll
 0004:00000578       __imp__InterlockedIncrement@4 005ea578     kernel32:KERNEL32.dll
 0004:0000057c       __imp__DeleteFileA@4       005ea57c     kernel32:KERNEL32.dll
 0004:00000580       __imp__MoveFileA@8         005ea580     kernel32:KERNEL32.dll
 0004:00000584       __imp__GetTickCount@0      005ea584     kernel32:KERNEL32.dll
 0004:00000588       __imp__GetFileAttributesExA@12 005ea588     kernel32:KERNEL32.dll
 0004:0000058c       __imp__SetEndOfFile@4      005ea58c     kernel32:KERNEL32.dll
 0004:00000590       __imp__SetFilePointer@16   005ea590     kernel32:KERNEL32.dll
 0004:00000594       __imp__ReadFile@20         005ea594     kernel32:KERNEL32.dll
 0004:00000598       __imp__WriteFile@20        005ea598     kernel32:KERNEL32.dll
 0004:0000059c       __imp__UnmapViewOfFile@4   005ea59c     kernel32:KERNEL32.dll
 0004:000005a0       __imp__FindClose@4         005ea5a0     kernel32:KERNEL32.dll
 0004:000005a4       __imp__FindNextFileA@8     005ea5a4     kernel32:KERNEL32.dll
 0004:000005a8       __imp__FindFirstFileA@8    005ea5a8     kernel32:KERNEL32.dll
 0004:000005ac       __imp__QueryPerformanceCounter@4 005ea5ac     kernel32:KERNEL32.dll
 0004:000005b0       __imp__QueryPerformanceFrequency@4 005ea5b0     kernel32:KERNEL32.dll
 0004:000005b4       __imp__ExitProcess@4       005ea5b4     kernel32:KERNEL32.dll
 0004:000005b8       __imp__SetConsoleCtrlHandler@8 005ea5b8     kernel32:KERNEL32.dll
 0004:000005bc       __imp__ReadConsoleInputA@16 005ea5bc     kernel32:KERNEL32.dll
 0004:000005c0       __imp__SetConsoleMode@8    005ea5c0     kernel32:KERNEL32.dll
 0004:000005c4       __imp__GetConsoleMode@8    005ea5c4     kernel32:KERNEL32.dll
 0004:000005c8       __imp__PeekConsoleInputA@16 005ea5c8     kernel32:KERNEL32.dll
 0004:000005cc       __imp__GetNumberOfConsoleInputEvents@8 005ea5cc     kernel32:KERNEL32.dll
 0004:000005d0       __imp__WriteConsoleA@20    005ea5d0     kernel32:KERNEL32.dll
 0004:000005d4       __imp__GetCommandLineA@0   005ea5d4     kernel32:KERNEL32.dll
 0004:000005d8       __imp__GetVersionExA@4     005ea5d8     kernel32:KERNEL32.dll
 0004:000005dc       __imp__HeapReAlloc@16      005ea5dc     kernel32:KERNEL32.dll
 0004:000005e0       __imp__HeapAlloc@12        005ea5e0     kernel32:KERNEL32.dll
 0004:000005e4       __imp__HeapFree@12         005ea5e4     kernel32:KERNEL32.dll
 0004:000005e8       __imp__FileTimeToSystemTime@8 005ea5e8     kernel32:KERNEL32.dll
 0004:000005ec       __imp__FileTimeToLocalFileTime@8 005ea5ec     kernel32:KERNEL32.dll
 0004:000005f0       __imp__SetStdHandle@8      005ea5f0     kernel32:KERNEL32.dll
 0004:000005f4       __imp__GetFileType@4       005ea5f4     kernel32:KERNEL32.dll
 0004:000005f8       __imp__ExitThread@4        005ea5f8     kernel32:KERNEL32.dll
 0004:000005fc       __imp__ResumeThread@4      005ea5fc     kernel32:KERNEL32.dll
 0004:00000600       __imp__CreateThread@24     005ea600     kernel32:KERNEL32.dll
 0004:00000604       __imp__WideCharToMultiByte@32 005ea604     kernel32:KERNEL32.dll
 0004:00000608       __imp__GetTimeZoneInformation@4 005ea608     kernel32:KERNEL32.dll
 0004:0000060c       __imp__RtlUnwind@16        005ea60c     kernel32:KERNEL32.dll
 0004:00000610       __imp__FatalAppExitA@8     005ea610     kernel32:KERNEL32.dll
 0004:00000614       __imp__GetCurrentThread@0  005ea614     kernel32:KERNEL32.dll
 0004:00000618       __imp__GetCurrentProcessId@0 005ea618     kernel32:KERNEL32.dll
 0004:0000061c       __imp__SetHandleCount@4    005ea61c     kernel32:KERNEL32.dll
 0004:00000620       __imp__GetStdHandle@4      005ea620     kernel32:KERNEL32.dll
 0004:00000624       __imp__GetStartupInfoA@4   005ea624     kernel32:KERNEL32.dll
 0004:00000628       __imp__UnhandledExceptionFilter@4 005ea628     kernel32:KERNEL32.dll
 0004:0000062c       __imp__GetFileAttributesA@4 005ea62c     kernel32:KERNEL32.dll
 0004:00000630       __imp__CreatePipe@16       005ea630     kernel32:KERNEL32.dll
 0004:00000634       __imp__VirtualProtect@16   005ea634     kernel32:KERNEL32.dll
 0004:00000638       __imp__VirtualAlloc@16     005ea638     kernel32:KERNEL32.dll
 0004:0000063c       __imp__GetSystemInfo@4     005ea63c     kernel32:KERNEL32.dll
 0004:00000640       __imp__VirtualQuery@12     005ea640     kernel32:KERNEL32.dll
 0004:00000644       __imp__FreeEnvironmentStringsA@4 005ea644     kernel32:KERNEL32.dll
 0004:00000648       __imp__GetEnvironmentStrings@0 005ea648     kernel32:KERNEL32.dll
 0004:0000064c       __imp__FreeEnvironmentStringsW@4 005ea64c     kernel32:KERNEL32.dll
 0004:00000650       __imp__GetEnvironmentStringsW@0 005ea650     kernel32:KERNEL32.dll
 0004:00000654       __imp__HeapDestroy@4       005ea654     kernel32:KERNEL32.dll
 0004:00000658       __imp__HeapCreate@12       005ea658     kernel32:KERNEL32.dll
 0004:0000065c       __imp__VirtualFree@12      005ea65c     kernel32:KERNEL32.dll
 0004:00000660       __imp__IsBadWritePtr@8     005ea660     kernel32:KERNEL32.dll
 0004:00000664       __imp__GetTimeFormatA@24   005ea664     kernel32:KERNEL32.dll
 0004:00000668       __imp__GetDateFormatA@24   005ea668     kernel32:KERNEL32.dll
 0004:0000066c       __imp__GetCPInfo@8         005ea66c     kernel32:KERNEL32.dll
 0004:00000670       __imp__GetUserDefaultLCID@0 005ea670     kernel32:KERNEL32.dll
 0004:00000674       __imp__EnumSystemLocalesA@8 005ea674     kernel32:KERNEL32.dll
 0004:00000678       __imp__IsValidLocale@8     005ea678     kernel32:KERNEL32.dll
 0004:0000067c       __imp__IsValidCodePage@4   005ea67c     kernel32:KERNEL32.dll
 0004:00000680       __imp__GetStringTypeA@20   005ea680     kernel32:KERNEL32.dll
 0004:00000684       __imp__MultiByteToWideChar@24 005ea684     kernel32:KERNEL32.dll
 0004:00000688       __imp__GetStringTypeW@16   005ea688     kernel32:KERNEL32.dll
 0004:0000068c       __imp__SetEnvironmentVariableW@8 005ea68c     kernel32:KERNEL32.dll
 0004:00000690       \177KERNEL32_NULL_THUNK_DATA 005ea690     kernel32:KERNEL32.dll
 0004:00000720       __imp__PeekMessageA@20     005ea720     user32:USER32.dll
 0004:00000724       __imp__KillTimer@8         005ea724     user32:USER32.dll
 0004:00000728       __imp__SetTimer@16         005ea728     user32:USER32.dll
 0004:0000072c       \177USER32_NULL_THUNK_DATA 005ea72c     user32:USER32.dll
 0004:00000758       __imp__recv@16             005ea758     wsock32:WSOCK32.dll
 0004:0000075c       __imp__gethostbyname@4     005ea75c     wsock32:WSOCK32.dll
 0004:00000760       __imp__WSAStartup@8        005ea760     wsock32:WSOCK32.dll
 0004:00000764       __imp__WSACleanup@0        005ea764     wsock32:WSOCK32.dll
 0004:00000768       __imp__WSAGetLastError@0   005ea768     wsock32:WSOCK32.dll
 0004:0000076c       __imp__connect@12          005ea76c     wsock32:WSOCK32.dll
 0004:00000770       __imp__select@20           005ea770     wsock32:WSOCK32.dll
 0004:00000774       __imp____WSAFDIsSet@8      005ea774     wsock32:WSOCK32.dll
 0004:00000778       __imp__send@16             005ea778     wsock32:WSOCK32.dll
 0004:0000077c       __imp__ntohs@4             005ea77c     wsock32:WSOCK32.dll
 0004:00000780       __imp__getpeername@12      005ea780     wsock32:WSOCK32.dll
 0004:00000784       __imp__WSASetLastError@4   005ea784     wsock32:WSOCK32.dll
 0004:00000788       __imp__accept@12           005ea788     wsock32:WSOCK32.dll
 0004:0000078c       __imp__shutdown@8          005ea78c     wsock32:WSOCK32.dll
 0004:00000790       __imp__socket@12           005ea790     wsock32:WSOCK32.dll
 0004:00000794       __imp__inet_addr@4         005ea794     wsock32:WSOCK32.dll
 0004:00000798       __imp__htonl@4             005ea798     wsock32:WSOCK32.dll
 0004:0000079c       __imp__htons@4             005ea79c     wsock32:WSOCK32.dll
 0004:000007a0       __imp__inet_ntoa@4         005ea7a0     wsock32:WSOCK32.dll
 0004:000007a4       __imp__setsockopt@20       005ea7a4     wsock32:WSOCK32.dll
 0004:000007a8       __imp__bind@12             005ea7a8     wsock32:WSOCK32.dll
 0004:000007ac       __imp__closesocket@4       005ea7ac     wsock32:WSOCK32.dll
 0004:000007b0       __imp__listen@8            005ea7b0     wsock32:WSOCK32.dll
 0004:000007b4       __imp__ioctlsocket@12      005ea7b4     wsock32:WSOCK32.dll
 0004:000007b8       __imp__gethostname@8       005ea7b8     wsock32:WSOCK32.dll
 0004:000007bc       \177WSOCK32_NULL_THUNK_DATA 005ea7bc     wsock32:WSOCK32.dll

 entry point at        0001:00067ad5

